******************************************************************************
                  TI ARM Linker PC v18.1.1                     
******************************************************************************
>> Linked Sun Apr  8 14:46:37 2018

OUTPUT FILE NAME:   <hw5_q3.out>
ENTRY POINT SYMBOL: "_c_int00_noargs"  address: 00003ef9


MEMORY CONFIGURATION

         name            origin    length      used     unused   attr    fill
----------------------  --------  ---------  --------  --------  ----  --------
  FLASH                 00000000   00100000  000042d4  000fbd2c  R  X
  SRAM                  20000000   00040000  0000c718  000338e8  RW X


SEGMENT ALLOCATION MAP

run origin  load origin   length   init length attrs members
----------  ----------- ---------- ----------- ----- -------
00000000    00000000    000042d8   000042d8    r-x
  00000000    00000000    00000208   00000208    r-- .intvecs
  00000208    00000208    00003d7c   00003d7c    r-x .text
  00003f84    00003f84    00000318   00000318    r-- .const
  000042a0    000042a0    00000038   00000038    r-- .cinit
20000000    20000000    0000c718   00000000    rw-
  20000000    20000000    0000c4c0   00000000    rw- .bss
  2000c4c0    2000c4c0    00000200   00000000    rw- .stack
  2000c6c0    2000c6c0    00000058   00000000    rw- .data


SECTION ALLOCATION MAP

 output                                  attributes/
section   page    origin      length       input sections
--------  ----  ----------  ----------   ----------------
.intvecs   0    00000000    00000208     
                  00000000    00000208     tm4c1294ncpdt_startup_ccs.obj (.intvecs)

.text      0    00000208    00003d7c     
                  00000208    000018bc     tasks.obj (.text)
                  00001ac4    00000d04     queue.obj (.text)
                  000027c8    00000594     timers.obj (.text)
                  00002d5c    000004dc     uartstdio.obj (.text)
                  00003238    00000330     main.obj (.text)
                  00003568    00000200     driverlib.lib : sysctl.obj (.text:SysCtlClockFreqSet)
                  00003768    000001b8     heap_2.obj (.text)
                  00003920    0000013c     port.obj (.text)
                  00003a5c    0000012a     list.obj (.text)
                  00003b86    00000002     rtsv7M4_T_le_v4SPD16_eabi.lib : div0.asm.obj (.text)
                  00003b88    000000da     portasm.obj (.text)
                  00003c62    0000009c     rtsv7M4_T_le_v4SPD16_eabi.lib : memcpy_t2.asm.obj (.text)
                  00003cfe    0000007a                                   : memset_t2.asm.obj (.text)
                  00003d78    00000068                                   : copy_decompress_lzss.c.obj (.text:decompress:lzss:__TI_decompress_lzss)
                  00003de0    0000004c     driverlib.lib : gpio.obj (.text:GPIOPinConfigure)
                  00003e2c    00000048                   : sysctl.obj (.text:_SysCtlFrequencyGet)
                  00003e74    00000044     rtsv7M4_T_le_v4SPD16_eabi.lib : autoinit.c.obj (.text:__TI_auto_init_nobinit_nopinit:__TI_auto_init_nobinit_nopinit)
                  00003eb8    00000040                                   : u_divt2.asm.obj (.text)
                  00003ef8    00000038                                   : boot_cortex_m.c.obj (.text:_c_int00_noargs:_c_int00_noargs)
                  00003f30    00000020     driverlib.lib : sysctl.obj (.text:_SysCtlMemTimingGet)
                  00003f50    0000000e     rtsv7M4_T_le_v4SPD16_eabi.lib : copy_decompress_none.c.obj (.text:decompress:none:__TI_decompress_none)
                  00003f5e    0000000c                                   : copy_zero_init.c.obj (.text:decompress:ZI:__TI_zero_init)
                  00003f6a    0000000c     tm4c1294ncpdt_startup_ccs.obj (.text)
                  00003f76    00000006     driverlib.lib : gpio.obj (.text:GPIOPinWrite)
                  00003f7c    00000004     rtsv7M4_T_le_v4SPD16_eabi.lib : pre_init.c.obj (.text:_system_pre_init)
                  00003f80    00000004                                   : exit.c.obj (.text:abort:abort)

.const     0    00003f84    00000318     
                  00003f84    000001b0     driverlib.lib : sysctl.obj (.const:g_pppui32XTALtoVCO)
                  00004134    00000090                   : gpio.obj (.const:g_pui32GPIOBaseAddrs)
                  000041c4    0000006c                   : sysctl.obj (.const:g_pui32Xtals)
                  00004230    00000030                   : sysctl.obj (.const:g_sXTALtoMEMTIM)
                  00004260    00000012     uartstdio.obj (.const:.string)
                  00004272    00000002     --HOLE-- [fill = 0]
                  00004274    0000000c     uartstdio.obj (.const:g_ui32UARTBase)
                  00004280    0000000c     uartstdio.obj (.const:g_ui32UARTPeriph)
                  0000428c    00000008     driverlib.lib : sysctl.obj (.const:g_pui32VCOFrequencies)
                  00004294    00000004     port.obj (.const)
                  00004298    00000004     uartstdio.obj (.const)

.cinit     0    000042a0    00000038     
                  000042a0    00000010     (.cinit..data.load) [load image, compression = lzss]
                  000042b0    0000000c     (__TI_handler_table)
                  000042bc    00000004     --HOLE-- [fill = 0]
                  000042c0    00000008     (.cinit..bss.load) [load image, compression = zero_init]
                  000042c8    00000010     (__TI_cinit_table)

.init_array 
*          0    00000000    00000000     UNINITIALIZED

.bss       0    20000000    0000c4c0     UNINITIALIZED
                  20000000    0000c350     heap_2.obj (.bss:ucHeap)
                  2000c350    00000064     tasks.obj (.bss:pxReadyTasksLists)
                  2000c3b4    00000040     (.common:xQueueRegistry)
                  2000c3f4    00000014     timers.obj (.bss:xActiveTimerList1)
                  2000c408    00000014     timers.obj (.bss:xActiveTimerList2)
                  2000c41c    00000014     tasks.obj (.bss:xDelayedTaskList1)
                  2000c430    00000014     tasks.obj (.bss:xDelayedTaskList2)
                  2000c444    00000014     tasks.obj (.bss:xPendingReadyList)
                  2000c458    00000014     tasks.obj (.bss:xSuspendedTaskList)
                  2000c46c    00000014     tasks.obj (.bss:xTasksWaitingTermination)
                  2000c480    00000008     tasks.obj (.bss)
                  2000c488    00000008     timers.obj (.bss)
                  2000c490    00000008     heap_2.obj (.bss:xEnd)
                  2000c498    00000008     heap_2.obj (.bss:xStart)
                  2000c4a0    00000004     (.common:MyTimer)
                  2000c4a4    00000004     (.common:count1)
                  2000c4a8    00000004     (.common:count2)
                  2000c4ac    00000004     (.common:g_pTASK1Queue)
                  2000c4b0    00000004     (.common:g_pTASK2Queue)
                  2000c4b4    00000004     (.common:g_ui32SysClock)
                  2000c4b8    00000004     (.common:i8Message1)
                  2000c4bc    00000004     (.common:i8Message2)

.data      0    2000c6c0    00000058     UNINITIALIZED
                  2000c6c0    00000034     tasks.obj (.data)
                  2000c6f4    0000000c     timers.obj (.data)
                  2000c700    00000008     heap_2.obj (.data)
                  2000c708    00000005     uartstdio.obj (.data)
                  2000c70d    00000003     --HOLE--
                  2000c710    00000004     main.obj (.data)
                  2000c714    00000004     port.obj (.data)

.stack     0    2000c4c0    00000200     UNINITIALIZED
                  2000c4c0    00000004     rtsv7M4_T_le_v4SPD16_eabi.lib : boot_cortex_m.c.obj (.stack)
                  2000c4c4    000001fc     --HOLE--

MODULE SUMMARY

       Module                          code    ro data   rw data
       ------                          ----    -------   -------
    .\
       main.obj                        816     0         36     
       tm4c1294ncpdt_startup_ccs.obj   12      520       0      
    +--+-------------------------------+-------+---------+---------+
       Total:                          828     520       36     
                                                                
    .\FreeRTOS\
       heap_2.obj                      440     0         50024  
       tasks.obj                       6332    0         260    
       queue.obj                       3332    0         64     
       timers.obj                      1428    0         60     
       list.obj                        298     0         0      
    +--+-------------------------------+-------+---------+---------+
       Total:                          11830   0         50408  
                                                                
    .\FreeRTOS\portable\CCS\ARM_CM4F\
       port.obj                        316     4         4      
       portasm.obj                     218     0         0      
    +--+-------------------------------+-------+---------+---------+
       Total:                          534     4         4      
                                                                
    .\utilities\
       uartstdio.obj                   1244    46        5      
    +--+-------------------------------+-------+---------+---------+
       Total:                          1244    46        5      
                                                                
    C:/ti/TivaWare_C_Series-2.1.4.178/driverlib/ccs/Debug/driverlib.lib
       sysctl.obj                      616     596       0      
       gpio.obj                        82      144       0      
    +--+-------------------------------+-------+---------+---------+
       Total:                          698     740       0      
                                                                
    C:\ti\ccsv8\tools\compiler\ti-cgt-arm_18.1.1.LTS\lib\rtsv7M4_T_le_v4SPD16_eabi.lib
       memcpy_t2.asm.obj               156     0         0      
       memset_t2.asm.obj               122     0         0      
       copy_decompress_lzss.c.obj      104     0         0      
       autoinit.c.obj                  68      0         0      
       u_divt2.asm.obj                 64      0         0      
       boot_cortex_m.c.obj             56      0         0      
       copy_decompress_none.c.obj      14      0         0      
       copy_zero_init.c.obj            12      0         0      
       exit.c.obj                      4       0         0      
       pre_init.c.obj                  4       0         0      
       div0.asm.obj                    2       0         0      
    +--+-------------------------------+-------+---------+---------+
       Total:                          606     0         0      
                                                                
       Stack:                          0       0         512    
       Linker Generated:               0       52        0      
    +--+-------------------------------+-------+---------+---------+
       Grand Total:                    15740   1362      50965  


LINKER GENERATED COPY TABLES

__TI_cinit_table @ 000042c8 records: 2, size/record: 8, table size: 16
	.data: load addr=000042a0, load size=00000010 bytes, run addr=2000c6c0, run size=00000058 bytes, compression=lzss
	.bss: load addr=000042c0, load size=00000008 bytes, run addr=20000000, run size=0000c4c0 bytes, compression=zero_init


LINKER GENERATED HANDLER TABLE

__TI_handler_table @ 000042b0 records: 3, size/record: 4, table size: 12
	index: 0, handler: __TI_decompress_lzss
	index: 1, handler: __TI_decompress_none
	index: 2, handler: __TI_zero_init


GLOBAL SYMBOLS: SORTED ALPHABETICALLY BY Name 

address   name                               
-------   ----                               
00003f81  C$$EXIT                            
00003383  ConfigureUART                      
00003de1  GPIOPinConfigure                   
00003f77  GPIOPinWrite                       
2000c4a0  MyTimer                            
00003f6b  ResetISR                           
00003569  SysCtlClockFreqSet                 
0000331b  Task1Init                          
0000334f  Task2Init                          
000032cd  Timer0IntHandler                   
00002d5d  UARTStdioConfig                    
00002ed5  UARTgetc                           
00002e0f  UARTgets                           
00003203  UARTprintf                         
00002f09  UARTvprintf                        
00002dbd  UARTwrite                          
2000c6c0  __STACK_END                        
00000200  __STACK_SIZE                       
2000c6c0  __STACK_TOP                        
000042c8  __TI_CINIT_Base                    
000042d8  __TI_CINIT_Limit                   
000042b0  __TI_Handler_Table_Base            
000042bc  __TI_Handler_Table_Limit           
00003e75  __TI_auto_init_nobinit_nopinit     
00003d79  __TI_decompress_lzss               
00003f51  __TI_decompress_none               
ffffffff  __TI_pprof_out_hndl                
ffffffff  __TI_prof_data_size                
ffffffff  __TI_prof_data_start               
00000000  __TI_static_base__                 
00003f5f  __TI_zero_init                     
00003b87  __aeabi_idiv0                      
00003b87  __aeabi_ldiv0                      
00003cff  __aeabi_memclr                     
00003cff  __aeabi_memclr4                    
00003cff  __aeabi_memclr8                    
00003c63  __aeabi_memcpy                     
00003c63  __aeabi_memcpy4                    
00003c63  __aeabi_memcpy8                    
00003d01  __aeabi_memset                     
00003d01  __aeabi_memset4                    
00003d01  __aeabi_memset8                    
00003eb9  __aeabi_uidiv                      
00003eb9  __aeabi_uidivmod                   
ffffffff  __binit__                          
ffffffff  __c_args__                         
UNDEFED   __mpu_init                         
2000c4c0  __stack                            
00003ef9  _c_int00_noargs                    
UNDEFED   _system_post_cinit                 
00003f7d  _system_pre_init                   
00003f81  abort                              
ffffffff  binit                              
2000c710  count                              
2000c4a4  count1                             
2000c4a8  count2                             
0000057d  eTaskGetState                      
2000c4ac  g_pTASK1Queue                      
2000c4b0  g_pTASK2Queue                      
00000000  g_pfnVectors                       
2000c4b4  g_ui32SysClock                     
2000c4b8  i8Message1                         
2000c4bc  i8Message2                         
000033f3  main                               
00003c63  memcpy                             
00003d07  memset                             
000026df  pcQueueGetName                     
00000b57  pcTaskGetName                      
00002903  pcTimerGetName                     
00003769  pvPortMalloc                       
000015e3  pvTaskIncrementMutexHeldCount      
00002ced  pvTimerGetTimerID                  
2000c6c0  pxCurrentTCB                       
00003921  pxPortInitialiseStack              
00002441  ucQueueGetQueueType                
00004294  ulMaxSyscallInterruptPriority      
00003b99  ulPortGetIPSR                      
00001601  ulTaskNotifyTake                   
00003b3f  uxListRemove                       
00002421  uxQueueGetQueueNumber              
000023c3  uxQueueMessagesWaiting             
000023f9  uxQueueMessagesWaitingFromISR      
000023d9  uxQueueSpacesAvailable             
00000b51  uxTaskGetNumberOfTasks             
00000b7d  uxTaskGetSystemState               
00001035  uxTaskGetTaskNumber                
00000611  uxTaskPriorityGet                  
00000641  uxTaskPriorityGetFromISR           
000015c1  uxTaskResetEventItemValue          
00002d21  uxTimerGetTimerNumber              
00003a5d  vListInitialise                    
00003a8d  vListInitialiseItem                
00003ad9  vListInsert                        
00003a9d  vListInsertEnd                     
00003c55  vPortEnableVFP                     
000039c1  vPortEndScheduler                  
000039c3  vPortEnterCritical                 
000039e3  vPortExitCritical                  
00003861  vPortFree                          
000038c5  vPortInitialiseBlocks              
00003c11  vPortSVCHandler                    
00003a1f  vPortSetupTimerInterrupt           
00003c31  vPortStartFirstTask                
0000269d  vQueueAddToRegistry                
0000240b  vQueueDelete                       
0000242f  vQueueSetQueueNumber               
0000271f  vQueueUnregisterQueue              
00002763  vQueueWaitForMessageRestricted     
00000541  vTaskDelay                         
000004b1  vTaskDelayUntil                    
00000403  vTaskDelete                        
00000a19  vTaskEndScheduler                  
0000112d  vTaskGetInfo                       
00000f83  vTaskInternalSetTimeOutState       
00001023  vTaskMissedYield                   
0000191d  vTaskNotifyGiveFromISR             
00000dfd  vTaskPlaceOnEventList              
00000e43  vTaskPlaceOnEventListRestricted    
00000e19  vTaskPlaceOnUnorderedEventList     
000014e9  vTaskPriorityDisinheritAfterTimeout
0000068d  vTaskPrioritySet                   
00000ef9  vTaskRemoveFromUnorderedEventList  
000008b5  vTaskResume                        
00001059  vTaskSetTaskNumber                 
00000f65  vTaskSetTimeOutState               
000009bd  vTaskStartScheduler                
000007a5  vTaskSuspend                       
00000a35  vTaskSuspendAll                    
00000d95  vTaskSwitchContext                 
00002d07  vTimerSetTimerID                   
00002d2f  vTimerSetTimerNumber               
000038bf  xPortGetFreeHeapSize               
00003bb1  xPortPendSVHandler                 
0000398b  xPortStartScheduler                
000039f9  xPortSysTickHandler                
00001cc9  xQueueCreateCountingSemaphore      
00001c1d  xQueueCreateMutex                  
00001b63  xQueueGenericCreate                
00001ac5  xQueueGenericReset                 
00001ce9  xQueueGenericSend                  
00001e15  xQueueGenericSendFromISR           
00001eaf  xQueueGiveFromISR                  
00001c49  xQueueGiveMutexRecursive           
00002639  xQueueIsQueueEmptyFromISR          
0000267b  xQueueIsQueueFullFromISR           
000021b7  xQueuePeek                         
00002371  xQueuePeekFromISR                  
00001f41  xQueueReceive                      
000022d9  xQueueReceiveFromISR               
2000c3b4  xQueueRegistry                     
0000205d  xQueueSemaphoreTake                
00001c85  xQueueTakeMutexRecursive           
00000fa5  xTaskCheckForTimeOut               
00000209  xTaskCreate                        
00001723  xTaskGenericNotify                 
0000180d  xTaskGenericNotifyFromISR          
000012ff  xTaskGetCurrentTaskHandle          
00001319  xTaskGetSchedulerState             
00000b2d  xTaskGetTickCount                  
00000b3d  xTaskGetTickCountFromISR           
00000c71  xTaskIncrementTick                 
000019cb  xTaskNotifyStateClear              
00001681  xTaskNotifyWait                    
00001445  xTaskPriorityDisinherit            
00001365  xTaskPriorityInherit               
00000e7d  xTaskRemoveFromEventList           
00000a49  xTaskResumeAll                     
0000092f  xTaskResumeFromISR                 
000027f5  xTimerCreate                       
000027c9  xTimerCreateTimerTask              
00002869  xTimerGenericCommand               
000028ed  xTimerGetExpiryTime                
000028db  xTimerGetPeriod                    
000028d5  xTimerGetTimerDaemonTaskHandle     
00002cc1  xTimerIsTimerActive                


GLOBAL SYMBOLS: SORTED BY Symbol Address 

address   name                               
-------   ----                               
00000000  __TI_static_base__                 
00000000  g_pfnVectors                       
00000200  __STACK_SIZE                       
00000209  xTaskCreate                        
00000403  vTaskDelete                        
000004b1  vTaskDelayUntil                    
00000541  vTaskDelay                         
0000057d  eTaskGetState                      
00000611  uxTaskPriorityGet                  
00000641  uxTaskPriorityGetFromISR           
0000068d  vTaskPrioritySet                   
000007a5  vTaskSuspend                       
000008b5  vTaskResume                        
0000092f  xTaskResumeFromISR                 
000009bd  vTaskStartScheduler                
00000a19  vTaskEndScheduler                  
00000a35  vTaskSuspendAll                    
00000a49  xTaskResumeAll                     
00000b2d  xTaskGetTickCount                  
00000b3d  xTaskGetTickCountFromISR           
00000b51  uxTaskGetNumberOfTasks             
00000b57  pcTaskGetName                      
00000b7d  uxTaskGetSystemState               
00000c71  xTaskIncrementTick                 
00000d95  vTaskSwitchContext                 
00000dfd  vTaskPlaceOnEventList              
00000e19  vTaskPlaceOnUnorderedEventList     
00000e43  vTaskPlaceOnEventListRestricted    
00000e7d  xTaskRemoveFromEventList           
00000ef9  vTaskRemoveFromUnorderedEventList  
00000f65  vTaskSetTimeOutState               
00000f83  vTaskInternalSetTimeOutState       
00000fa5  xTaskCheckForTimeOut               
00001023  vTaskMissedYield                   
00001035  uxTaskGetTaskNumber                
00001059  vTaskSetTaskNumber                 
0000112d  vTaskGetInfo                       
000012ff  xTaskGetCurrentTaskHandle          
00001319  xTaskGetSchedulerState             
00001365  xTaskPriorityInherit               
00001445  xTaskPriorityDisinherit            
000014e9  vTaskPriorityDisinheritAfterTimeout
000015c1  uxTaskResetEventItemValue          
000015e3  pvTaskIncrementMutexHeldCount      
00001601  ulTaskNotifyTake                   
00001681  xTaskNotifyWait                    
00001723  xTaskGenericNotify                 
0000180d  xTaskGenericNotifyFromISR          
0000191d  vTaskNotifyGiveFromISR             
000019cb  xTaskNotifyStateClear              
00001ac5  xQueueGenericReset                 
00001b63  xQueueGenericCreate                
00001c1d  xQueueCreateMutex                  
00001c49  xQueueGiveMutexRecursive           
00001c85  xQueueTakeMutexRecursive           
00001cc9  xQueueCreateCountingSemaphore      
00001ce9  xQueueGenericSend                  
00001e15  xQueueGenericSendFromISR           
00001eaf  xQueueGiveFromISR                  
00001f41  xQueueReceive                      
0000205d  xQueueSemaphoreTake                
000021b7  xQueuePeek                         
000022d9  xQueueReceiveFromISR               
00002371  xQueuePeekFromISR                  
000023c3  uxQueueMessagesWaiting             
000023d9  uxQueueSpacesAvailable             
000023f9  uxQueueMessagesWaitingFromISR      
0000240b  vQueueDelete                       
00002421  uxQueueGetQueueNumber              
0000242f  vQueueSetQueueNumber               
00002441  ucQueueGetQueueType                
00002639  xQueueIsQueueEmptyFromISR          
0000267b  xQueueIsQueueFullFromISR           
0000269d  vQueueAddToRegistry                
000026df  pcQueueGetName                     
0000271f  vQueueUnregisterQueue              
00002763  vQueueWaitForMessageRestricted     
000027c9  xTimerCreateTimerTask              
000027f5  xTimerCreate                       
00002869  xTimerGenericCommand               
000028d5  xTimerGetTimerDaemonTaskHandle     
000028db  xTimerGetPeriod                    
000028ed  xTimerGetExpiryTime                
00002903  pcTimerGetName                     
00002cc1  xTimerIsTimerActive                
00002ced  pvTimerGetTimerID                  
00002d07  vTimerSetTimerID                   
00002d21  uxTimerGetTimerNumber              
00002d2f  vTimerSetTimerNumber               
00002d5d  UARTStdioConfig                    
00002dbd  UARTwrite                          
00002e0f  UARTgets                           
00002ed5  UARTgetc                           
00002f09  UARTvprintf                        
00003203  UARTprintf                         
000032cd  Timer0IntHandler                   
0000331b  Task1Init                          
0000334f  Task2Init                          
00003383  ConfigureUART                      
000033f3  main                               
00003569  SysCtlClockFreqSet                 
00003769  pvPortMalloc                       
00003861  vPortFree                          
000038bf  xPortGetFreeHeapSize               
000038c5  vPortInitialiseBlocks              
00003921  pxPortInitialiseStack              
0000398b  xPortStartScheduler                
000039c1  vPortEndScheduler                  
000039c3  vPortEnterCritical                 
000039e3  vPortExitCritical                  
000039f9  xPortSysTickHandler                
00003a1f  vPortSetupTimerInterrupt           
00003a5d  vListInitialise                    
00003a8d  vListInitialiseItem                
00003a9d  vListInsertEnd                     
00003ad9  vListInsert                        
00003b3f  uxListRemove                       
00003b87  __aeabi_idiv0                      
00003b87  __aeabi_ldiv0                      
00003b99  ulPortGetIPSR                      
00003bb1  xPortPendSVHandler                 
00003c11  vPortSVCHandler                    
00003c31  vPortStartFirstTask                
00003c55  vPortEnableVFP                     
00003c63  __aeabi_memcpy                     
00003c63  __aeabi_memcpy4                    
00003c63  __aeabi_memcpy8                    
00003c63  memcpy                             
00003cff  __aeabi_memclr                     
00003cff  __aeabi_memclr4                    
00003cff  __aeabi_memclr8                    
00003d01  __aeabi_memset                     
00003d01  __aeabi_memset4                    
00003d01  __aeabi_memset8                    
00003d07  memset                             
00003d79  __TI_decompress_lzss               
00003de1  GPIOPinConfigure                   
00003e75  __TI_auto_init_nobinit_nopinit     
00003eb9  __aeabi_uidiv                      
00003eb9  __aeabi_uidivmod                   
00003ef9  _c_int00_noargs                    
00003f51  __TI_decompress_none               
00003f5f  __TI_zero_init                     
00003f6b  ResetISR                           
00003f77  GPIOPinWrite                       
00003f7d  _system_pre_init                   
00003f81  C$$EXIT                            
00003f81  abort                              
00004294  ulMaxSyscallInterruptPriority      
000042b0  __TI_Handler_Table_Base            
000042bc  __TI_Handler_Table_Limit           
000042c8  __TI_CINIT_Base                    
000042d8  __TI_CINIT_Limit                   
2000c3b4  xQueueRegistry                     
2000c4a0  MyTimer                            
2000c4a4  count1                             
2000c4a8  count2                             
2000c4ac  g_pTASK1Queue                      
2000c4b0  g_pTASK2Queue                      
2000c4b4  g_ui32SysClock                     
2000c4b8  i8Message1                         
2000c4bc  i8Message2                         
2000c4c0  __stack                            
2000c6c0  __STACK_END                        
2000c6c0  __STACK_TOP                        
2000c6c0  pxCurrentTCB                       
2000c710  count                              
ffffffff  __TI_pprof_out_hndl                
ffffffff  __TI_prof_data_size                
ffffffff  __TI_prof_data_start               
ffffffff  __binit__                          
ffffffff  __c_args__                         
ffffffff  binit                              
UNDEFED   __mpu_init                         
UNDEFED   _system_post_cinit                 

[175 symbols]
