<?xml version="1.0" encoding="ISO-8859-1" ?>
<link_info>
   <banner>TI ARM Linker PC v18.1.1.LTS</banner>
   <copyright>Copyright (c) 1996-2017 Texas Instruments Incorporated</copyright>
   <link_time>0x5aca7fad</link_time>
   <link_errors>0x0</link_errors>
   <output_file>hw5_q3.out</output_file>
   <entry_point>
      <name>_c_int00_noargs</name>
      <address>0x3ef9</address>
   </entry_point>
   <input_file_list>
      <input_file id="fl-2">
         <path>.\</path>
         <kind>object</kind>
         <file>main.obj</file>
         <name>main.obj</name>
      </input_file>
      <input_file id="fl-3">
         <path>.\</path>
         <kind>object</kind>
         <file>tm4c1294ncpdt_startup_ccs.obj</file>
         <name>tm4c1294ncpdt_startup_ccs.obj</name>
      </input_file>
      <input_file id="fl-4">
         <path>.\FreeRTOS\</path>
         <kind>object</kind>
         <file>event_groups.obj</file>
         <name>event_groups.obj</name>
      </input_file>
      <input_file id="fl-5">
         <path>.\FreeRTOS\</path>
         <kind>object</kind>
         <file>heap_2.obj</file>
         <name>heap_2.obj</name>
      </input_file>
      <input_file id="fl-6">
         <path>.\FreeRTOS\</path>
         <kind>object</kind>
         <file>list.obj</file>
         <name>list.obj</name>
      </input_file>
      <input_file id="fl-7">
         <path>.\FreeRTOS\</path>
         <kind>object</kind>
         <file>queue.obj</file>
         <name>queue.obj</name>
      </input_file>
      <input_file id="fl-8">
         <path>.\FreeRTOS\</path>
         <kind>object</kind>
         <file>tasks.obj</file>
         <name>tasks.obj</name>
      </input_file>
      <input_file id="fl-9">
         <path>.\FreeRTOS\</path>
         <kind>object</kind>
         <file>timers.obj</file>
         <name>timers.obj</name>
      </input_file>
      <input_file id="fl-a">
         <path>.\FreeRTOS\portable\CCS\ARM_CM4F\</path>
         <kind>object</kind>
         <file>port.obj</file>
         <name>port.obj</name>
      </input_file>
      <input_file id="fl-b">
         <path>.\FreeRTOS\portable\CCS\ARM_CM4F\</path>
         <kind>object</kind>
         <file>portasm.obj</file>
         <name>portasm.obj</name>
      </input_file>
      <input_file id="fl-c">
         <path>.\utilities\</path>
         <kind>object</kind>
         <file>uartstdio.obj</file>
         <name>uartstdio.obj</name>
      </input_file>
      <input_file id="fl-11">
         <kind>object</kind>
         <file>&lt;internal&gt;</file>
         <name>&lt;internal&gt;</name>
      </input_file>
      <input_file id="fl-c7">
         <path>C:\ti\ccsv8\tools\compiler\ti-cgt-arm_18.1.1.LTS\lib\</path>
         <kind>archive</kind>
         <file>rtsv7M4_T_le_v4SPD16_eabi.lib</file>
         <name>u_divt2.asm.obj</name>
      </input_file>
      <input_file id="fl-c8">
         <path>C:\ti\ccsv8\tools\compiler\ti-cgt-arm_18.1.1.LTS\lib\</path>
         <kind>archive</kind>
         <file>rtsv7M4_T_le_v4SPD16_eabi.lib</file>
         <name>memcpy_t2.asm.obj</name>
      </input_file>
      <input_file id="fl-c9">
         <path>C:\ti\ccsv8\tools\compiler\ti-cgt-arm_18.1.1.LTS\lib\</path>
         <kind>archive</kind>
         <file>rtsv7M4_T_le_v4SPD16_eabi.lib</file>
         <name>memset_t2.asm.obj</name>
      </input_file>
      <input_file id="fl-ca">
         <path>C:\ti\ccsv8\tools\compiler\ti-cgt-arm_18.1.1.LTS\lib\</path>
         <kind>archive</kind>
         <file>rtsv7M4_T_le_v4SPD16_eabi.lib</file>
         <name>copy_zero_init.c.obj</name>
      </input_file>
      <input_file id="fl-cb">
         <path>C:\ti\ccsv8\tools\compiler\ti-cgt-arm_18.1.1.LTS\lib\</path>
         <kind>archive</kind>
         <file>rtsv7M4_T_le_v4SPD16_eabi.lib</file>
         <name>copy_decompress_none.c.obj</name>
      </input_file>
      <input_file id="fl-cc">
         <path>C:\ti\ccsv8\tools\compiler\ti-cgt-arm_18.1.1.LTS\lib\</path>
         <kind>archive</kind>
         <file>rtsv7M4_T_le_v4SPD16_eabi.lib</file>
         <name>copy_decompress_lzss.c.obj</name>
      </input_file>
      <input_file id="fl-cd">
         <path>C:\ti\ccsv8\tools\compiler\ti-cgt-arm_18.1.1.LTS\lib\</path>
         <kind>archive</kind>
         <file>rtsv7M4_T_le_v4SPD16_eabi.lib</file>
         <name>boot_cortex_m.c.obj</name>
      </input_file>
      <input_file id="fl-ce">
         <path>C:\ti\ccsv8\tools\compiler\ti-cgt-arm_18.1.1.LTS\lib\</path>
         <kind>archive</kind>
         <file>rtsv7M4_T_le_v4SPD16_eabi.lib</file>
         <name>exit.c.obj</name>
      </input_file>
      <input_file id="fl-cf">
         <path>C:\ti\ccsv8\tools\compiler\ti-cgt-arm_18.1.1.LTS\lib\</path>
         <kind>archive</kind>
         <file>rtsv7M4_T_le_v4SPD16_eabi.lib</file>
         <name>_lock.c.obj</name>
      </input_file>
      <input_file id="fl-d0">
         <path>C:\ti\ccsv8\tools\compiler\ti-cgt-arm_18.1.1.LTS\lib\</path>
         <kind>archive</kind>
         <file>rtsv7M4_T_le_v4SPD16_eabi.lib</file>
         <name>args_main.c.obj</name>
      </input_file>
      <input_file id="fl-d1">
         <path>C:\ti\ccsv8\tools\compiler\ti-cgt-arm_18.1.1.LTS\lib\</path>
         <kind>archive</kind>
         <file>rtsv7M4_T_le_v4SPD16_eabi.lib</file>
         <name>div0.asm.obj</name>
      </input_file>
      <input_file id="fl-d2">
         <path>C:\ti\ccsv8\tools\compiler\ti-cgt-arm_18.1.1.LTS\lib\</path>
         <kind>archive</kind>
         <file>rtsv7M4_T_le_v4SPD16_eabi.lib</file>
         <name>autoinit.c.obj</name>
      </input_file>
      <input_file id="fl-d3">
         <path>C:\ti\ccsv8\tools\compiler\ti-cgt-arm_18.1.1.LTS\lib\</path>
         <kind>archive</kind>
         <file>rtsv7M4_T_le_v4SPD16_eabi.lib</file>
         <name>pre_init.c.obj</name>
      </input_file>
      <input_file id="fl-d4">
         <path>C:\ti\ccsv8\tools\compiler\ti-cgt-arm_18.1.1.LTS\lib\</path>
         <kind>archive</kind>
         <file>rtsv7M4_T_le_v4SPD16_eabi.lib</file>
         <name>cpy_tbl.c.obj</name>
      </input_file>
      <input_file id="fl-d5">
         <path>C:\ti\TivaWare_C_Series-2.1.4.178\driverlib\ccs\Debug\</path>
         <kind>archive</kind>
         <file>driverlib.lib</file>
         <name>gpio.obj</name>
      </input_file>
      <input_file id="fl-d6">
         <path>C:\ti\TivaWare_C_Series-2.1.4.178\driverlib\ccs\Debug\</path>
         <kind>archive</kind>
         <file>driverlib.lib</file>
         <name>interrupt.obj</name>
      </input_file>
      <input_file id="fl-d7">
         <path>C:\ti\TivaWare_C_Series-2.1.4.178\driverlib\ccs\Debug\</path>
         <kind>archive</kind>
         <file>driverlib.lib</file>
         <name>sysctl.obj</name>
      </input_file>
      <input_file id="fl-d8">
         <path>C:\ti\TivaWare_C_Series-2.1.4.178\driverlib\ccs\Debug\</path>
         <kind>archive</kind>
         <file>driverlib.lib</file>
         <name>cpu.obj</name>
      </input_file>
   </input_file_list>
   <object_component_list>
      <object_component id="oc-f">
         <name>.intvecs</name>
         <load_address>0x0</load_address>
         <run_address>0x0</run_address>
         <size>0x208</size>
         <input_file_ref idref="fl-3"/>
      </object_component>
      <object_component id="oc-7c">
         <name>.text</name>
         <load_address>0x208</load_address>
         <run_address>0x208</run_address>
         <size>0x18bc</size>
         <input_file_ref idref="fl-8"/>
      </object_component>
      <object_component id="oc-12d">
         <name>.text</name>
         <load_address>0x1ac4</load_address>
         <run_address>0x1ac4</run_address>
         <size>0xd04</size>
         <input_file_ref idref="fl-7"/>
      </object_component>
      <object_component id="oc-f3">
         <name>.text</name>
         <load_address>0x27c8</load_address>
         <run_address>0x27c8</run_address>
         <size>0x594</size>
         <input_file_ref idref="fl-9"/>
      </object_component>
      <object_component id="oc-133">
         <name>.text</name>
         <load_address>0x2d5c</load_address>
         <run_address>0x2d5c</run_address>
         <size>0x4dc</size>
         <input_file_ref idref="fl-c"/>
      </object_component>
      <object_component id="oc-bf">
         <name>.text</name>
         <load_address>0x3238</load_address>
         <run_address>0x3238</run_address>
         <size>0x330</size>
         <input_file_ref idref="fl-2"/>
      </object_component>
      <object_component id="oc-145">
         <name>.text:SysCtlClockFreqSet</name>
         <load_address>0x3568</load_address>
         <run_address>0x3568</run_address>
         <size>0x200</size>
         <input_file_ref idref="fl-d7"/>
      </object_component>
      <object_component id="oc-db">
         <name>.text</name>
         <load_address>0x3768</load_address>
         <run_address>0x3768</run_address>
         <size>0x1b8</size>
         <input_file_ref idref="fl-5"/>
      </object_component>
      <object_component id="oc-2f">
         <name>.text</name>
         <load_address>0x3920</load_address>
         <run_address>0x3920</run_address>
         <size>0x13c</size>
         <input_file_ref idref="fl-a"/>
      </object_component>
      <object_component id="oc-e1">
         <name>.text</name>
         <load_address>0x3a5c</load_address>
         <run_address>0x3a5c</run_address>
         <size>0x12a</size>
         <input_file_ref idref="fl-6"/>
      </object_component>
      <object_component id="oc-26c">
         <name>.text</name>
         <load_address>0x3b86</load_address>
         <run_address>0x3b86</run_address>
         <size>0x2</size>
         <input_file_ref idref="fl-d1"/>
      </object_component>
      <object_component id="oc-2a">
         <name>.text</name>
         <load_address>0x3b88</load_address>
         <run_address>0x3b88</run_address>
         <size>0xda</size>
         <input_file_ref idref="fl-b"/>
      </object_component>
      <object_component id="oc-43">
         <name>.text</name>
         <load_address>0x3c62</load_address>
         <run_address>0x3c62</run_address>
         <size>0x9c</size>
         <input_file_ref idref="fl-c8"/>
      </object_component>
      <object_component id="oc-b3">
         <name>.text</name>
         <load_address>0x3cfe</load_address>
         <run_address>0x3cfe</run_address>
         <size>0x7a</size>
         <input_file_ref idref="fl-c9"/>
      </object_component>
      <object_component id="oc-12">
         <name>.text:decompress:lzss:__TI_decompress_lzss</name>
         <load_address>0x3d78</load_address>
         <run_address>0x3d78</run_address>
         <size>0x68</size>
         <input_file_ref idref="fl-cc"/>
      </object_component>
      <object_component id="oc-13f">
         <name>.text:GPIOPinConfigure</name>
         <load_address>0x3de0</load_address>
         <run_address>0x3de0</run_address>
         <size>0x4c</size>
         <input_file_ref idref="fl-d5"/>
      </object_component>
      <object_component id="oc-210">
         <name>.text:_SysCtlFrequencyGet</name>
         <load_address>0x3e2c</load_address>
         <run_address>0x3e2c</run_address>
         <size>0x48</size>
         <input_file_ref idref="fl-d7"/>
      </object_component>
      <object_component id="oc-168">
         <name>.text:__TI_auto_init_nobinit_nopinit:__TI_auto_init_nobinit_nopinit</name>
         <load_address>0x3e74</load_address>
         <run_address>0x3e74</run_address>
         <size>0x44</size>
         <input_file_ref idref="fl-d2"/>
      </object_component>
      <object_component id="oc-1f0">
         <name>.text</name>
         <load_address>0x3eb8</load_address>
         <run_address>0x3eb8</run_address>
         <size>0x40</size>
         <input_file_ref idref="fl-c7"/>
      </object_component>
      <object_component id="oc-61">
         <name>.text:_c_int00_noargs:_c_int00_noargs</name>
         <load_address>0x3ef8</load_address>
         <run_address>0x3ef8</run_address>
         <size>0x38</size>
         <input_file_ref idref="fl-cd"/>
      </object_component>
      <object_component id="oc-20a">
         <name>.text:_SysCtlMemTimingGet</name>
         <load_address>0x3f30</load_address>
         <run_address>0x3f30</run_address>
         <size>0x20</size>
         <input_file_ref idref="fl-d7"/>
      </object_component>
      <object_component id="oc-18">
         <name>.text:decompress:none:__TI_decompress_none</name>
         <load_address>0x3f50</load_address>
         <run_address>0x3f50</run_address>
         <size>0xe</size>
         <input_file_ref idref="fl-cb"/>
      </object_component>
      <object_component id="oc-55">
         <name>.text:decompress:ZI:__TI_zero_init</name>
         <load_address>0x3f5e</load_address>
         <run_address>0x3f5e</run_address>
         <size>0xc</size>
         <input_file_ref idref="fl-ca"/>
      </object_component>
      <object_component id="oc-24">
         <name>.text</name>
         <load_address>0x3f6a</load_address>
         <run_address>0x3f6a</run_address>
         <size>0xc</size>
         <input_file_ref idref="fl-3"/>
      </object_component>
      <object_component id="oc-139">
         <name>.text:GPIOPinWrite</name>
         <load_address>0x3f76</load_address>
         <run_address>0x3f76</run_address>
         <size>0x6</size>
         <input_file_ref idref="fl-d5"/>
      </object_component>
      <object_component id="oc-b9">
         <name>.text:_system_pre_init</name>
         <load_address>0x3f7c</load_address>
         <run_address>0x3f7c</run_address>
         <size>0x4</size>
         <input_file_ref idref="fl-d3"/>
      </object_component>
      <object_component id="oc-15c">
         <name>.text:abort:abort</name>
         <load_address>0x3f80</load_address>
         <run_address>0x3f80</run_address>
         <size>0x4</size>
         <input_file_ref idref="fl-ce"/>
      </object_component>
      <object_component id="oc-219">
         <name>.const:g_pppui32XTALtoVCO</name>
         <load_address>0x3f84</load_address>
         <run_address>0x3f84</run_address>
         <size>0x1b0</size>
         <input_file_ref idref="fl-d7"/>
      </object_component>
      <object_component id="oc-206">
         <name>.const:g_pui32GPIOBaseAddrs</name>
         <load_address>0x4134</load_address>
         <run_address>0x4134</run_address>
         <size>0x90</size>
         <input_file_ref idref="fl-d5"/>
      </object_component>
      <object_component id="oc-216">
         <name>.const:g_pui32Xtals</name>
         <load_address>0x41c4</load_address>
         <run_address>0x41c4</run_address>
         <size>0x6c</size>
         <input_file_ref idref="fl-d7"/>
      </object_component>
      <object_component id="oc-27b">
         <name>.const:g_sXTALtoMEMTIM</name>
         <load_address>0x4230</load_address>
         <run_address>0x4230</run_address>
         <size>0x30</size>
         <input_file_ref idref="fl-d7"/>
      </object_component>
      <object_component id="oc-272">
         <name>.const:.string</name>
         <load_address>0x4260</load_address>
         <run_address>0x4260</run_address>
         <size>0x12</size>
         <input_file_ref idref="fl-c"/>
      </object_component>
      <object_component id="oc-1ed">
         <name>.const:g_ui32UARTBase</name>
         <load_address>0x4274</load_address>
         <run_address>0x4274</run_address>
         <size>0xc</size>
         <input_file_ref idref="fl-c"/>
      </object_component>
      <object_component id="oc-1e7">
         <name>.const:g_ui32UARTPeriph</name>
         <load_address>0x4280</load_address>
         <run_address>0x4280</run_address>
         <size>0xc</size>
         <input_file_ref idref="fl-c"/>
      </object_component>
      <object_component id="oc-21c">
         <name>.const:g_pui32VCOFrequencies</name>
         <load_address>0x428c</load_address>
         <run_address>0x428c</run_address>
         <size>0x8</size>
         <input_file_ref idref="fl-d7"/>
      </object_component>
      <object_component id="oc-79">
         <name>.const</name>
         <load_address>0x4294</load_address>
         <run_address>0x4294</run_address>
         <size>0x4</size>
         <input_file_ref idref="fl-a"/>
      </object_component>
      <object_component id="oc-1f5">
         <name>.const</name>
         <load_address>0x4298</load_address>
         <run_address>0x4298</run_address>
         <size>0x4</size>
         <input_file_ref idref="fl-c"/>
      </object_component>
      <object_component id="oc-2f9">
         <name>.cinit..data.load</name>
         <load_address>0x42a0</load_address>
         <run_address>0x42a0</run_address>
         <size>0x10</size>
      </object_component>
      <object_component id="oc-2f7">
         <name>__TI_handler_table</name>
         <load_address>0x42b0</load_address>
         <run_address>0x42b0</run_address>
         <size>0xc</size>
      </object_component>
      <object_component id="oc-2fa">
         <name>.cinit..bss.load</name>
         <load_address>0x42c0</load_address>
         <run_address>0x42c0</run_address>
         <size>0x8</size>
      </object_component>
      <object_component id="oc-2f8">
         <name>__TI_cinit_table</name>
         <load_address>0x42c8</load_address>
         <run_address>0x42c8</run_address>
         <size>0x10</size>
      </object_component>
      <object_component id="oc-151">
         <name>.data</name>
         <load_address>0x2000c710</load_address>
         <run_address>0x2000c710</run_address>
         <size>0x4</size>
         <input_file_ref idref="fl-2"/>
      </object_component>
      <object_component id="oc-1ab">
         <name>.data</name>
         <load_address>0x2000c700</load_address>
         <run_address>0x2000c700</run_address>
         <size>0x8</size>
         <input_file_ref idref="fl-5"/>
      </object_component>
      <object_component id="oc-76">
         <name>.data</name>
         <load_address>0x2000c6c0</load_address>
         <run_address>0x2000c6c0</run_address>
         <size>0x34</size>
         <input_file_ref idref="fl-8"/>
      </object_component>
      <object_component id="oc-1c3">
         <name>.data</name>
         <load_address>0x2000c6f4</load_address>
         <run_address>0x2000c6f4</run_address>
         <size>0xc</size>
         <input_file_ref idref="fl-9"/>
      </object_component>
      <object_component id="oc-83">
         <name>.data</name>
         <load_address>0x2000c714</load_address>
         <run_address>0x2000c714</run_address>
         <size>0x4</size>
         <input_file_ref idref="fl-a"/>
      </object_component>
      <object_component id="oc-1ea">
         <name>.data</name>
         <load_address>0x2000c708</load_address>
         <run_address>0x2000c708</run_address>
         <size>0x5</size>
         <input_file_ref idref="fl-c"/>
      </object_component>
      <object_component id="oc-1b4">
         <name>.bss:ucHeap</name>
         <uninitialized>true</uninitialized>
         <run_address>0x20000000</run_address>
         <size>0xc350</size>
         <input_file_ref idref="fl-5"/>
      </object_component>
      <object_component id="oc-1ae">
         <name>.bss:xStart</name>
         <uninitialized>true</uninitialized>
         <run_address>0x2000c498</run_address>
         <size>0x8</size>
         <input_file_ref idref="fl-5"/>
      </object_component>
      <object_component id="oc-1b1">
         <name>.bss:xEnd</name>
         <uninitialized>true</uninitialized>
         <run_address>0x2000c490</run_address>
         <size>0x8</size>
         <input_file_ref idref="fl-5"/>
      </object_component>
      <object_component id="oc-e7">
         <name>.bss:pxReadyTasksLists</name>
         <uninitialized>true</uninitialized>
         <run_address>0x2000c350</run_address>
         <size>0x64</size>
         <input_file_ref idref="fl-8"/>
      </object_component>
      <object_component id="oc-fc">
         <name>.bss:xDelayedTaskList1</name>
         <uninitialized>true</uninitialized>
         <run_address>0x2000c41c</run_address>
         <size>0x14</size>
         <input_file_ref idref="fl-8"/>
      </object_component>
      <object_component id="oc-ff">
         <name>.bss:xDelayedTaskList2</name>
         <uninitialized>true</uninitialized>
         <run_address>0x2000c430</run_address>
         <size>0x14</size>
         <input_file_ref idref="fl-8"/>
      </object_component>
      <object_component id="oc-ed">
         <name>.bss</name>
         <uninitialized>true</uninitialized>
         <run_address>0x2000c480</run_address>
         <size>0x8</size>
         <input_file_ref idref="fl-8"/>
      </object_component>
      <object_component id="oc-f9">
         <name>.bss:xPendingReadyList</name>
         <uninitialized>true</uninitialized>
         <run_address>0x2000c444</run_address>
         <size>0x14</size>
         <input_file_ref idref="fl-8"/>
      </object_component>
      <object_component id="oc-ea">
         <name>.bss:xTasksWaitingTermination</name>
         <uninitialized>true</uninitialized>
         <run_address>0x2000c46c</run_address>
         <size>0x14</size>
         <input_file_ref idref="fl-8"/>
      </object_component>
      <object_component id="oc-f0">
         <name>.bss:xSuspendedTaskList</name>
         <uninitialized>true</uninitialized>
         <run_address>0x2000c458</run_address>
         <size>0x14</size>
         <input_file_ref idref="fl-8"/>
      </object_component>
      <object_component id="oc-1c9">
         <name>.bss:xActiveTimerList1</name>
         <uninitialized>true</uninitialized>
         <run_address>0x2000c3f4</run_address>
         <size>0x14</size>
         <input_file_ref idref="fl-9"/>
      </object_component>
      <object_component id="oc-1cc">
         <name>.bss:xActiveTimerList2</name>
         <uninitialized>true</uninitialized>
         <run_address>0x2000c408</run_address>
         <size>0x14</size>
         <input_file_ref idref="fl-9"/>
      </object_component>
      <object_component id="oc-1c6">
         <name>.bss</name>
         <uninitialized>true</uninitialized>
         <run_address>0x2000c488</run_address>
         <size>0x8</size>
         <input_file_ref idref="fl-9"/>
      </object_component>
      <object_component id="oc-155">
         <name>.common:MyTimer</name>
         <uninitialized>true</uninitialized>
         <run_address>0x2000c4a0</run_address>
         <size>0x4</size>
      </object_component>
      <object_component id="oc-14d">
         <name>.common:count1</name>
         <uninitialized>true</uninitialized>
         <run_address>0x2000c4a4</run_address>
         <size>0x4</size>
      </object_component>
      <object_component id="oc-150">
         <name>.common:count2</name>
         <uninitialized>true</uninitialized>
         <run_address>0x2000c4a8</run_address>
         <size>0x4</size>
      </object_component>
      <object_component id="oc-154">
         <name>.common:g_ui32SysClock</name>
         <uninitialized>true</uninitialized>
         <run_address>0x2000c4b4</run_address>
         <size>0x4</size>
      </object_component>
      <object_component id="oc-14c">
         <name>.common:i8Message1</name>
         <uninitialized>true</uninitialized>
         <run_address>0x2000c4b8</run_address>
         <size>0x4</size>
      </object_component>
      <object_component id="oc-14f">
         <name>.common:i8Message2</name>
         <uninitialized>true</uninitialized>
         <run_address>0x2000c4bc</run_address>
         <size>0x4</size>
      </object_component>
      <object_component id="oc-14b">
         <name>.common:g_pTASK1Queue</name>
         <uninitialized>true</uninitialized>
         <run_address>0x2000c4ac</run_address>
         <size>0x4</size>
      </object_component>
      <object_component id="oc-14e">
         <name>.common:g_pTASK2Queue</name>
         <uninitialized>true</uninitialized>
         <run_address>0x2000c4b0</run_address>
         <size>0x4</size>
      </object_component>
      <object_component id="oc-1e3">
         <name>.common:xQueueRegistry</name>
         <uninitialized>true</uninitialized>
         <run_address>0x2000c3b4</run_address>
         <size>0x40</size>
      </object_component>
      <object_component id="oc-21">
         <name>.stack</name>
         <uninitialized>true</uninitialized>
         <run_address>0x2000c4c0</run_address>
         <size>0x4</size>
         <input_file_ref idref="fl-cd"/>
      </object_component>
      <object_component id="oc-2fb">
         <name>.stack</name>
         <uninitialized>true</uninitialized>
         <run_address>0x2000c4c0</run_address>
         <size>0x0</size>
      </object_component>
      <object_component id="oc-116">
         <name>.debug_info</name>
         <load_address>0x0</load_address>
         <run_address>0x0</run_address>
         <size>0x81c</size>
         <input_file_ref idref="fl-2"/>
      </object_component>
      <object_component id="oc-152">
         <name>.debug_info</name>
         <load_address>0x81c</load_address>
         <run_address>0x81c</run_address>
         <size>0xce</size>
         <input_file_ref idref="fl-2"/>
      </object_component>
      <object_component id="oc-c0">
         <name>.debug_info</name>
         <load_address>0x8ea</load_address>
         <run_address>0x8ea</run_address>
         <size>0x5f1</size>
         <input_file_ref idref="fl-2"/>
      </object_component>
      <object_component id="oc-d4">
         <name>.debug_info</name>
         <load_address>0xedb</load_address>
         <run_address>0xedb</run_address>
         <size>0x30c</size>
         <input_file_ref idref="fl-2"/>
      </object_component>
      <object_component id="oc-94">
         <name>.debug_info</name>
         <load_address>0x11e7</load_address>
         <run_address>0x11e7</run_address>
         <size>0x26b</size>
         <input_file_ref idref="fl-2"/>
      </object_component>
      <object_component id="oc-111">
         <name>.debug_info</name>
         <load_address>0x1452</load_address>
         <run_address>0x1452</run_address>
         <size>0x44c</size>
         <input_file_ref idref="fl-2"/>
      </object_component>
      <object_component id="oc-3e">
         <name>.debug_info</name>
         <load_address>0x189e</load_address>
         <run_address>0x189e</run_address>
         <size>0x84</size>
         <input_file_ref idref="fl-2"/>
      </object_component>
      <object_component id="oc-1de">
         <name>.debug_info</name>
         <load_address>0x1922</load_address>
         <run_address>0x1922</run_address>
         <size>0x46</size>
         <input_file_ref idref="fl-2"/>
      </object_component>
      <object_component id="oc-157">
         <name>.debug_info</name>
         <load_address>0x1968</load_address>
         <run_address>0x1968</run_address>
         <size>0x46</size>
         <input_file_ref idref="fl-2"/>
      </object_component>
      <object_component id="oc-88">
         <name>.debug_info</name>
         <load_address>0x19ae</load_address>
         <run_address>0x19ae</run_address>
         <size>0x2c</size>
         <input_file_ref idref="fl-2"/>
      </object_component>
      <object_component id="oc-118">
         <name>.debug_info</name>
         <load_address>0x19da</load_address>
         <run_address>0x19da</run_address>
         <size>0x297</size>
         <input_file_ref idref="fl-2"/>
      </object_component>
      <object_component id="oc-280">
         <name>.debug_info</name>
         <load_address>0x1c71</load_address>
         <run_address>0x1c71</run_address>
         <size>0xef</size>
         <input_file_ref idref="fl-2"/>
      </object_component>
      <object_component id="oc-99">
         <name>.debug_info</name>
         <load_address>0x1d60</load_address>
         <run_address>0x1d60</run_address>
         <size>0xbb</size>
         <input_file_ref idref="fl-2"/>
      </object_component>
      <object_component id="oc-107">
         <name>.debug_info</name>
         <load_address>0x1e1b</load_address>
         <run_address>0x1e1b</run_address>
         <size>0x53</size>
         <input_file_ref idref="fl-2"/>
      </object_component>
      <object_component id="oc-8d">
         <name>.debug_info</name>
         <load_address>0x1e6e</load_address>
         <run_address>0x1e6e</run_address>
         <size>0x53</size>
         <input_file_ref idref="fl-2"/>
      </object_component>
      <object_component id="oc-1ff">
         <name>.debug_info</name>
         <load_address>0x1ec1</load_address>
         <run_address>0x1ec1</run_address>
         <size>0x2c</size>
         <input_file_ref idref="fl-2"/>
      </object_component>
      <object_component id="oc-10c">
         <name>.debug_info</name>
         <load_address>0x1eed</load_address>
         <run_address>0x1eed</run_address>
         <size>0x14c</size>
         <input_file_ref idref="fl-2"/>
      </object_component>
      <object_component id="oc-37">
         <name>.debug_info</name>
         <load_address>0x2039</load_address>
         <run_address>0x2039</run_address>
         <size>0x332</size>
         <input_file_ref idref="fl-3"/>
      </object_component>
      <object_component id="oc-10">
         <name>.debug_info</name>
         <load_address>0x236b</load_address>
         <run_address>0x236b</run_address>
         <size>0xf1</size>
         <input_file_ref idref="fl-3"/>
      </object_component>
      <object_component id="oc-25">
         <name>.debug_info</name>
         <load_address>0x245c</load_address>
         <run_address>0x245c</run_address>
         <size>0x270</size>
         <input_file_ref idref="fl-3"/>
      </object_component>
      <object_component id="oc-243">
         <name>.debug_info</name>
         <load_address>0x26cc</load_address>
         <run_address>0x26cc</run_address>
         <size>0x60c</size>
         <input_file_ref idref="fl-4"/>
      </object_component>
      <object_component id="oc-19c">
         <name>.debug_info</name>
         <load_address>0x2cd8</load_address>
         <run_address>0x2cd8</run_address>
         <size>0x110</size>
         <input_file_ref idref="fl-4"/>
      </object_component>
      <object_component id="oc-1a6">
         <name>.debug_info</name>
         <load_address>0x2de8</load_address>
         <run_address>0x2de8</run_address>
         <size>0x44c</size>
         <input_file_ref idref="fl-4"/>
      </object_component>
      <object_component id="oc-2b4">
         <name>.debug_info</name>
         <load_address>0x3234</load_address>
         <run_address>0x3234</run_address>
         <size>0x39</size>
         <input_file_ref idref="fl-4"/>
      </object_component>
      <object_component id="oc-2b9">
         <name>.debug_info</name>
         <load_address>0x326d</load_address>
         <run_address>0x326d</run_address>
         <size>0x76</size>
         <input_file_ref idref="fl-4"/>
      </object_component>
      <object_component id="oc-1b8">
         <name>.debug_info</name>
         <load_address>0x32e3</load_address>
         <run_address>0x32e3</run_address>
         <size>0x3f3</size>
         <input_file_ref idref="fl-5"/>
      </object_component>
      <object_component id="oc-1b5">
         <name>.debug_info</name>
         <load_address>0x36d6</load_address>
         <run_address>0x36d6</run_address>
         <size>0xda</size>
         <input_file_ref idref="fl-5"/>
      </object_component>
      <object_component id="oc-1af">
         <name>.debug_info</name>
         <load_address>0x37b0</load_address>
         <run_address>0x37b0</run_address>
         <size>0xda</size>
         <input_file_ref idref="fl-5"/>
      </object_component>
      <object_component id="oc-1b2">
         <name>.debug_info</name>
         <load_address>0x388a</load_address>
         <run_address>0x388a</run_address>
         <size>0xd6</size>
         <input_file_ref idref="fl-5"/>
      </object_component>
      <object_component id="oc-1ac">
         <name>.debug_info</name>
         <load_address>0x3960</load_address>
         <run_address>0x3960</run_address>
         <size>0xf4</size>
         <input_file_ref idref="fl-5"/>
      </object_component>
      <object_component id="oc-dc">
         <name>.debug_info</name>
         <load_address>0x3a54</load_address>
         <run_address>0x3a54</run_address>
         <size>0x5aa</size>
         <input_file_ref idref="fl-5"/>
      </object_component>
      <object_component id="oc-248">
         <name>.debug_info</name>
         <load_address>0x3ffe</load_address>
         <run_address>0x3ffe</run_address>
         <size>0x62</size>
         <input_file_ref idref="fl-5"/>
      </object_component>
      <object_component id="oc-1ba">
         <name>.debug_info</name>
         <load_address>0x4060</load_address>
         <run_address>0x4060</run_address>
         <size>0x360</size>
         <input_file_ref idref="fl-6"/>
      </object_component>
      <object_component id="oc-e2">
         <name>.debug_info</name>
         <load_address>0x43c0</load_address>
         <run_address>0x43c0</run_address>
         <size>0x4ac</size>
         <input_file_ref idref="fl-6"/>
      </object_component>
      <object_component id="oc-1e4">
         <name>.debug_info</name>
         <load_address>0x486c</load_address>
         <run_address>0x486c</run_address>
         <size>0x87d</size>
         <input_file_ref idref="fl-7"/>
      </object_component>
      <object_component id="oc-12e">
         <name>.debug_info</name>
         <load_address>0x50e9</load_address>
         <run_address>0x50e9</run_address>
         <size>0x35f6</size>
         <input_file_ref idref="fl-7"/>
      </object_component>
      <object_component id="oc-261">
         <name>.debug_info</name>
         <load_address>0x86df</load_address>
         <run_address>0x86df</run_address>
         <size>0x1cd</size>
         <input_file_ref idref="fl-7"/>
      </object_component>
      <object_component id="oc-d3">
         <name>.debug_info</name>
         <load_address>0x88ac</load_address>
         <run_address>0x88ac</run_address>
         <size>0x75c</size>
         <input_file_ref idref="fl-8"/>
      </object_component>
      <object_component id="oc-77">
         <name>.debug_info</name>
         <load_address>0x9008</load_address>
         <run_address>0x9008</run_address>
         <size>0x349</size>
         <input_file_ref idref="fl-8"/>
      </object_component>
      <object_component id="oc-e8">
         <name>.debug_info</name>
         <load_address>0x9351</load_address>
         <run_address>0x9351</run_address>
         <size>0xf0</size>
         <input_file_ref idref="fl-8"/>
      </object_component>
      <object_component id="oc-fd">
         <name>.debug_info</name>
         <load_address>0x9441</load_address>
         <run_address>0x9441</run_address>
         <size>0xf0</size>
         <input_file_ref idref="fl-8"/>
      </object_component>
      <object_component id="oc-100">
         <name>.debug_info</name>
         <load_address>0x9531</load_address>
         <run_address>0x9531</run_address>
         <size>0xf0</size>
         <input_file_ref idref="fl-8"/>
      </object_component>
      <object_component id="oc-ee">
         <name>.debug_info</name>
         <load_address>0x9621</load_address>
         <run_address>0x9621</run_address>
         <size>0x133</size>
         <input_file_ref idref="fl-8"/>
      </object_component>
      <object_component id="oc-fa">
         <name>.debug_info</name>
         <load_address>0x9754</load_address>
         <run_address>0x9754</run_address>
         <size>0xf0</size>
         <input_file_ref idref="fl-8"/>
      </object_component>
      <object_component id="oc-eb">
         <name>.debug_info</name>
         <load_address>0x9844</load_address>
         <run_address>0x9844</run_address>
         <size>0xfe</size>
         <input_file_ref idref="fl-8"/>
      </object_component>
      <object_component id="oc-f1">
         <name>.debug_info</name>
         <load_address>0x9942</load_address>
         <run_address>0x9942</run_address>
         <size>0xf2</size>
         <input_file_ref idref="fl-8"/>
      </object_component>
      <object_component id="oc-7d">
         <name>.debug_info</name>
         <load_address>0x9a34</load_address>
         <run_address>0x9a34</run_address>
         <size>0x495c</size>
         <input_file_ref idref="fl-8"/>
      </object_component>
      <object_component id="oc-1a1">
         <name>.debug_info</name>
         <load_address>0xe390</load_address>
         <run_address>0xe390</run_address>
         <size>0x146</size>
         <input_file_ref idref="fl-8"/>
      </object_component>
      <object_component id="oc-1d0">
         <name>.debug_info</name>
         <load_address>0xe4d6</load_address>
         <run_address>0xe4d6</run_address>
         <size>0x82d</size>
         <input_file_ref idref="fl-9"/>
      </object_component>
      <object_component id="oc-1ca">
         <name>.debug_info</name>
         <load_address>0xed03</load_address>
         <run_address>0xed03</run_address>
         <size>0xf0</size>
         <input_file_ref idref="fl-9"/>
      </object_component>
      <object_component id="oc-1cd">
         <name>.debug_info</name>
         <load_address>0xedf3</load_address>
         <run_address>0xedf3</run_address>
         <size>0xf0</size>
         <input_file_ref idref="fl-9"/>
      </object_component>
      <object_component id="oc-1c7">
         <name>.debug_info</name>
         <load_address>0xeee3</load_address>
         <run_address>0xeee3</run_address>
         <size>0x128</size>
         <input_file_ref idref="fl-9"/>
      </object_component>
      <object_component id="oc-1c4">
         <name>.debug_info</name>
         <load_address>0xf00b</load_address>
         <run_address>0xf00b</run_address>
         <size>0x114</size>
         <input_file_ref idref="fl-9"/>
      </object_component>
      <object_component id="oc-f4">
         <name>.debug_info</name>
         <load_address>0xf11f</load_address>
         <run_address>0xf11f</run_address>
         <size>0x1c71</size>
         <input_file_ref idref="fl-9"/>
      </object_component>
      <object_component id="oc-1d1">
         <name>.debug_info</name>
         <load_address>0x10d90</load_address>
         <run_address>0x10d90</run_address>
         <size>0x1ce</size>
         <input_file_ref idref="fl-9"/>
      </object_component>
      <object_component id="oc-87">
         <name>.debug_info</name>
         <load_address>0x10f5e</load_address>
         <run_address>0x10f5e</run_address>
         <size>0x3f5</size>
         <input_file_ref idref="fl-a"/>
      </object_component>
      <object_component id="oc-7a">
         <name>.debug_info</name>
         <load_address>0x11353</load_address>
         <run_address>0x11353</run_address>
         <size>0x11d</size>
         <input_file_ref idref="fl-a"/>
      </object_component>
      <object_component id="oc-84">
         <name>.debug_info</name>
         <load_address>0x11470</load_address>
         <run_address>0x11470</run_address>
         <size>0x104</size>
         <input_file_ref idref="fl-a"/>
      </object_component>
      <object_component id="oc-30">
         <name>.debug_info</name>
         <load_address>0x11574</load_address>
         <run_address>0x11574</run_address>
         <size>0x6b4</size>
         <input_file_ref idref="fl-a"/>
      </object_component>
      <object_component id="oc-2b">
         <name>.debug_info</name>
         <load_address>0x11c28</load_address>
         <run_address>0x11c28</run_address>
         <size>0x255</size>
         <input_file_ref idref="fl-b"/>
      </object_component>
      <object_component id="oc-1fe">
         <name>.debug_info</name>
         <load_address>0x11e7d</load_address>
         <run_address>0x11e7d</run_address>
         <size>0x2a5</size>
         <input_file_ref idref="fl-c"/>
      </object_component>
      <object_component id="oc-1eb">
         <name>.debug_info</name>
         <load_address>0x12122</load_address>
         <run_address>0x12122</run_address>
         <size>0xe6</size>
         <input_file_ref idref="fl-c"/>
      </object_component>
      <object_component id="oc-1f6">
         <name>.debug_info</name>
         <load_address>0x12208</load_address>
         <run_address>0x12208</run_address>
         <size>0xe0</size>
         <input_file_ref idref="fl-c"/>
      </object_component>
      <object_component id="oc-1ee">
         <name>.debug_info</name>
         <load_address>0x122e8</load_address>
         <run_address>0x122e8</run_address>
         <size>0xee</size>
         <input_file_ref idref="fl-c"/>
      </object_component>
      <object_component id="oc-1e8">
         <name>.debug_info</name>
         <load_address>0x123d6</load_address>
         <run_address>0x123d6</run_address>
         <size>0xf2</size>
         <input_file_ref idref="fl-c"/>
      </object_component>
      <object_component id="oc-134">
         <name>.debug_info</name>
         <load_address>0x124c8</load_address>
         <run_address>0x124c8</run_address>
         <size>0x786</size>
         <input_file_ref idref="fl-c"/>
      </object_component>
      <object_component id="oc-1f9">
         <name>.debug_info</name>
         <load_address>0x12c4e</load_address>
         <run_address>0x12c4e</run_address>
         <size>0x8b</size>
         <input_file_ref idref="fl-c"/>
      </object_component>
      <object_component id="oc-1f1">
         <name>.debug_info</name>
         <load_address>0x12cd9</load_address>
         <run_address>0x12cd9</run_address>
         <size>0x13a</size>
         <input_file_ref idref="fl-c7"/>
      </object_component>
      <object_component id="oc-45">
         <name>.debug_info</name>
         <load_address>0x12e13</load_address>
         <run_address>0x12e13</run_address>
         <size>0x111</size>
         <input_file_ref idref="fl-c8"/>
      </object_component>
      <object_component id="oc-b4">
         <name>.debug_info</name>
         <load_address>0x12f24</load_address>
         <run_address>0x12f24</run_address>
         <size>0x13f</size>
         <input_file_ref idref="fl-c9"/>
      </object_component>
      <object_component id="oc-b2">
         <name>.debug_info</name>
         <load_address>0x13063</load_address>
         <run_address>0x13063</run_address>
         <size>0x313</size>
         <input_file_ref idref="fl-ca"/>
      </object_component>
      <object_component id="oc-56">
         <name>.debug_info</name>
         <load_address>0x13376</load_address>
         <run_address>0x13376</run_address>
         <size>0x1aa</size>
         <input_file_ref idref="fl-ca"/>
      </object_component>
      <object_component id="oc-ad">
         <name>.debug_info</name>
         <load_address>0x13520</load_address>
         <run_address>0x13520</run_address>
         <size>0x46</size>
         <input_file_ref idref="fl-ca"/>
      </object_component>
      <object_component id="oc-124">
         <name>.debug_info</name>
         <load_address>0x13566</load_address>
         <run_address>0x13566</run_address>
         <size>0x2c</size>
         <input_file_ref idref="fl-ca"/>
      </object_component>
      <object_component id="oc-4e">
         <name>.debug_info</name>
         <load_address>0x13592</load_address>
         <run_address>0x13592</run_address>
         <size>0x29d</size>
         <input_file_ref idref="fl-cb"/>
      </object_component>
      <object_component id="oc-1b">
         <name>.debug_info</name>
         <load_address>0x1382f</load_address>
         <run_address>0x1382f</run_address>
         <size>0x1df</size>
         <input_file_ref idref="fl-cb"/>
      </object_component>
      <object_component id="oc-49">
         <name>.debug_info</name>
         <load_address>0x13a0e</load_address>
         <run_address>0x13a0e</run_address>
         <size>0x46</size>
         <input_file_ref idref="fl-cb"/>
      </object_component>
      <object_component id="oc-a5">
         <name>.debug_info</name>
         <load_address>0x13a54</load_address>
         <run_address>0x13a54</run_address>
         <size>0x2c</size>
         <input_file_ref idref="fl-cb"/>
      </object_component>
      <object_component id="oc-a3">
         <name>.debug_info</name>
         <load_address>0x13a80</load_address>
         <run_address>0x13a80</run_address>
         <size>0x293</size>
         <input_file_ref idref="fl-cc"/>
      </object_component>
      <object_component id="oc-16">
         <name>.debug_info</name>
         <load_address>0x13d13</load_address>
         <run_address>0x13d13</run_address>
         <size>0x245</size>
         <input_file_ref idref="fl-cc"/>
      </object_component>
      <object_component id="oc-39">
         <name>.debug_info</name>
         <load_address>0x13f58</load_address>
         <run_address>0x13f58</run_address>
         <size>0x60</size>
         <input_file_ref idref="fl-cc"/>
      </object_component>
      <object_component id="oc-11d">
         <name>.debug_info</name>
         <load_address>0x13fb8</load_address>
         <run_address>0x13fb8</run_address>
         <size>0x46</size>
         <input_file_ref idref="fl-cc"/>
      </object_component>
      <object_component id="oc-9e">
         <name>.debug_info</name>
         <load_address>0x13ffe</load_address>
         <run_address>0x13ffe</run_address>
         <size>0x39</size>
         <input_file_ref idref="fl-cc"/>
      </object_component>
      <object_component id="oc-22">
         <name>.debug_info</name>
         <load_address>0x14037</load_address>
         <run_address>0x14037</run_address>
         <size>0x100</size>
         <input_file_ref idref="fl-cd"/>
      </object_component>
      <object_component id="oc-63">
         <name>.debug_info</name>
         <load_address>0x14137</load_address>
         <run_address>0x14137</run_address>
         <size>0x1a4</size>
         <input_file_ref idref="fl-cd"/>
      </object_component>
      <object_component id="oc-15d">
         <name>.debug_info</name>
         <load_address>0x142db</load_address>
         <run_address>0x142db</run_address>
         <size>0x117</size>
         <input_file_ref idref="fl-ce"/>
      </object_component>
      <object_component id="oc-26e">
         <name>.debug_info</name>
         <load_address>0x143f2</load_address>
         <run_address>0x143f2</run_address>
         <size>0x10d</size>
         <input_file_ref idref="fl-d1"/>
      </object_component>
      <object_component id="oc-22e">
         <name>.debug_info</name>
         <load_address>0x144ff</load_address>
         <run_address>0x144ff</run_address>
         <size>0x547</size>
         <input_file_ref idref="fl-d2"/>
      </object_component>
      <object_component id="oc-16b">
         <name>.debug_info</name>
         <load_address>0x14a46</load_address>
         <run_address>0x14a46</run_address>
         <size>0x19b</size>
         <input_file_ref idref="fl-d2"/>
      </object_component>
      <object_component id="oc-2a1">
         <name>.debug_info</name>
         <load_address>0x14be1</load_address>
         <run_address>0x14be1</run_address>
         <size>0x39</size>
         <input_file_ref idref="fl-d2"/>
      </object_component>
      <object_component id="oc-2c4">
         <name>.debug_info</name>
         <load_address>0x14c1a</load_address>
         <run_address>0x14c1a</run_address>
         <size>0x39</size>
         <input_file_ref idref="fl-d2"/>
      </object_component>
      <object_component id="oc-2a6">
         <name>.debug_info</name>
         <load_address>0x14c53</load_address>
         <run_address>0x14c53</run_address>
         <size>0x39</size>
         <input_file_ref idref="fl-d2"/>
      </object_component>
      <object_component id="oc-2ab">
         <name>.debug_info</name>
         <load_address>0x14c8c</load_address>
         <run_address>0x14c8c</run_address>
         <size>0xcd</size>
         <input_file_ref idref="fl-d2"/>
      </object_component>
      <object_component id="oc-bd">
         <name>.debug_info</name>
         <load_address>0x14d59</load_address>
         <run_address>0x14d59</run_address>
         <size>0x148</size>
         <input_file_ref idref="fl-d3"/>
      </object_component>
      <object_component id="oc-205">
         <name>.debug_info</name>
         <load_address>0x14ea1</load_address>
         <run_address>0x14ea1</run_address>
         <size>0x392</size>
         <input_file_ref idref="fl-d5"/>
      </object_component>
      <object_component id="oc-207">
         <name>.debug_info</name>
         <load_address>0x15233</load_address>
         <run_address>0x15233</run_address>
         <size>0x112</size>
         <input_file_ref idref="fl-d5"/>
      </object_component>
      <object_component id="oc-13b">
         <name>.debug_info</name>
         <load_address>0x15345</load_address>
         <run_address>0x15345</run_address>
         <size>0x20c</size>
         <input_file_ref idref="fl-d5"/>
      </object_component>
      <object_component id="oc-140">
         <name>.debug_info</name>
         <load_address>0x15551</load_address>
         <run_address>0x15551</run_address>
         <size>0x1e9</size>
         <input_file_ref idref="fl-d5"/>
      </object_component>
      <object_component id="oc-220">
         <name>.debug_info</name>
         <load_address>0x1573a</load_address>
         <run_address>0x1573a</run_address>
         <size>0x3ef</size>
         <input_file_ref idref="fl-d7"/>
      </object_component>
      <object_component id="oc-217">
         <name>.debug_info</name>
         <load_address>0x15b29</load_address>
         <run_address>0x15b29</run_address>
         <size>0x104</size>
         <input_file_ref idref="fl-d7"/>
      </object_component>
      <object_component id="oc-21a">
         <name>.debug_info</name>
         <load_address>0x15c2d</load_address>
         <run_address>0x15c2d</run_address>
         <size>0x110</size>
         <input_file_ref idref="fl-d7"/>
      </object_component>
      <object_component id="oc-27c">
         <name>.debug_info</name>
         <load_address>0x15d3d</load_address>
         <run_address>0x15d3d</run_address>
         <size>0x10a</size>
         <input_file_ref idref="fl-d7"/>
      </object_component>
      <object_component id="oc-21d">
         <name>.debug_info</name>
         <load_address>0x15e47</load_address>
         <run_address>0x15e47</run_address>
         <size>0x117</size>
         <input_file_ref idref="fl-d7"/>
      </object_component>
      <object_component id="oc-20b">
         <name>.debug_info</name>
         <load_address>0x15f5e</load_address>
         <run_address>0x15f5e</run_address>
         <size>0x1d9</size>
         <input_file_ref idref="fl-d7"/>
      </object_component>
      <object_component id="oc-211">
         <name>.debug_info</name>
         <load_address>0x16137</load_address>
         <run_address>0x16137</run_address>
         <size>0x223</size>
         <input_file_ref idref="fl-d7"/>
      </object_component>
      <object_component id="oc-146">
         <name>.debug_info</name>
         <load_address>0x1635a</load_address>
         <run_address>0x1635a</run_address>
         <size>0x403</size>
         <input_file_ref idref="fl-d7"/>
      </object_component>
      <object_component id="oc-28d">
         <name>.debug_info</name>
         <load_address>0x1675d</load_address>
         <run_address>0x1675d</run_address>
         <size>0x51</size>
         <input_file_ref idref="fl-d7"/>
      </object_component>
      <object_component id="oc-2fc">
         <name>.debug_info</name>
         <load_address>0x167ae</load_address>
         <run_address>0x167ae</run_address>
         <size>0xa6</size>
      </object_component>
      <object_component id="oc-1dd">
         <name>.debug_line</name>
         <load_address>0x0</load_address>
         <run_address>0x0</run_address>
         <size>0x1c8</size>
         <input_file_ref idref="fl-2"/>
      </object_component>
      <object_component id="oc-222">
         <name>.debug_line</name>
         <load_address>0x1c8</load_address>
         <run_address>0x1c8</run_address>
         <size>0x2d</size>
         <input_file_ref idref="fl-2"/>
      </object_component>
      <object_component id="oc-c3">
         <name>.debug_line</name>
         <load_address>0x1f5</load_address>
         <run_address>0x1f5</run_address>
         <size>0x163</size>
         <input_file_ref idref="fl-2"/>
      </object_component>
      <object_component id="oc-d7">
         <name>.debug_line</name>
         <load_address>0x358</load_address>
         <run_address>0x358</run_address>
         <size>0x71</size>
         <input_file_ref idref="fl-2"/>
      </object_component>
      <object_component id="oc-97">
         <name>.debug_line</name>
         <load_address>0x3c9</load_address>
         <run_address>0x3c9</run_address>
         <size>0x69</size>
         <input_file_ref idref="fl-2"/>
      </object_component>
      <object_component id="oc-114">
         <name>.debug_line</name>
         <load_address>0x432</load_address>
         <run_address>0x432</run_address>
         <size>0x75</size>
         <input_file_ref idref="fl-2"/>
      </object_component>
      <object_component id="oc-41">
         <name>.debug_line</name>
         <load_address>0x4a7</load_address>
         <run_address>0x4a7</run_address>
         <size>0x20</size>
         <input_file_ref idref="fl-2"/>
      </object_component>
      <object_component id="oc-1e1">
         <name>.debug_line</name>
         <load_address>0x4c7</load_address>
         <run_address>0x4c7</run_address>
         <size>0x72</size>
         <input_file_ref idref="fl-2"/>
      </object_component>
      <object_component id="oc-15a">
         <name>.debug_line</name>
         <load_address>0x539</load_address>
         <run_address>0x539</run_address>
         <size>0x73</size>
         <input_file_ref idref="fl-2"/>
      </object_component>
      <object_component id="oc-8b">
         <name>.debug_line</name>
         <load_address>0x5ac</load_address>
         <run_address>0x5ac</run_address>
         <size>0x75</size>
         <input_file_ref idref="fl-2"/>
      </object_component>
      <object_component id="oc-11b">
         <name>.debug_line</name>
         <load_address>0x621</load_address>
         <run_address>0x621</run_address>
         <size>0x6d</size>
         <input_file_ref idref="fl-2"/>
      </object_component>
      <object_component id="oc-283">
         <name>.debug_line</name>
         <load_address>0x68e</load_address>
         <run_address>0x68e</run_address>
         <size>0x69</size>
         <input_file_ref idref="fl-2"/>
      </object_component>
      <object_component id="oc-9c">
         <name>.debug_line</name>
         <load_address>0x6f7</load_address>
         <run_address>0x6f7</run_address>
         <size>0x6a</size>
         <input_file_ref idref="fl-2"/>
      </object_component>
      <object_component id="oc-10a">
         <name>.debug_line</name>
         <load_address>0x761</load_address>
         <run_address>0x761</run_address>
         <size>0x65</size>
         <input_file_ref idref="fl-2"/>
      </object_component>
      <object_component id="oc-90">
         <name>.debug_line</name>
         <load_address>0x7c6</load_address>
         <run_address>0x7c6</run_address>
         <size>0x84</size>
         <input_file_ref idref="fl-2"/>
      </object_component>
      <object_component id="oc-202">
         <name>.debug_line</name>
         <load_address>0x84a</load_address>
         <run_address>0x84a</run_address>
         <size>0x65</size>
         <input_file_ref idref="fl-2"/>
      </object_component>
      <object_component id="oc-10f">
         <name>.debug_line</name>
         <load_address>0x8af</load_address>
         <run_address>0x8af</run_address>
         <size>0x71</size>
         <input_file_ref idref="fl-2"/>
      </object_component>
      <object_component id="oc-93">
         <name>.debug_line</name>
         <load_address>0x920</load_address>
         <run_address>0x920</run_address>
         <size>0x42</size>
         <input_file_ref idref="fl-3"/>
      </object_component>
      <object_component id="oc-36">
         <name>.debug_line</name>
         <load_address>0x962</load_address>
         <run_address>0x962</run_address>
         <size>0x42</size>
         <input_file_ref idref="fl-3"/>
      </object_component>
      <object_component id="oc-28">
         <name>.debug_line</name>
         <load_address>0x9a4</load_address>
         <run_address>0x9a4</run_address>
         <size>0xa2</size>
         <input_file_ref idref="fl-3"/>
      </object_component>
      <object_component id="oc-2b3">
         <name>.debug_line</name>
         <load_address>0xa46</load_address>
         <run_address>0xa46</run_address>
         <size>0x17b</size>
         <input_file_ref idref="fl-4"/>
      </object_component>
      <object_component id="oc-19f">
         <name>.debug_line</name>
         <load_address>0xbc1</load_address>
         <run_address>0xbc1</run_address>
         <size>0x65</size>
         <input_file_ref idref="fl-4"/>
      </object_component>
      <object_component id="oc-1a9">
         <name>.debug_line</name>
         <load_address>0xc26</load_address>
         <run_address>0xc26</run_address>
         <size>0x75</size>
         <input_file_ref idref="fl-4"/>
      </object_component>
      <object_component id="oc-2b7">
         <name>.debug_line</name>
         <load_address>0xc9b</load_address>
         <run_address>0xc9b</run_address>
         <size>0x79</size>
         <input_file_ref idref="fl-4"/>
      </object_component>
      <object_component id="oc-2bc">
         <name>.debug_line</name>
         <load_address>0xd14</load_address>
         <run_address>0xd14</run_address>
         <size>0x3e</size>
         <input_file_ref idref="fl-4"/>
      </object_component>
      <object_component id="oc-252">
         <name>.debug_line</name>
         <load_address>0xd52</load_address>
         <run_address>0xd52</run_address>
         <size>0x71</size>
         <input_file_ref idref="fl-5"/>
      </object_component>
      <object_component id="oc-250">
         <name>.debug_line</name>
         <load_address>0xdc3</load_address>
         <run_address>0xdc3</run_address>
         <size>0x38</size>
         <input_file_ref idref="fl-5"/>
      </object_component>
      <object_component id="oc-247">
         <name>.debug_line</name>
         <load_address>0xdfb</load_address>
         <run_address>0xdfb</run_address>
         <size>0x38</size>
         <input_file_ref idref="fl-5"/>
      </object_component>
      <object_component id="oc-24e">
         <name>.debug_line</name>
         <load_address>0xe33</load_address>
         <run_address>0xe33</run_address>
         <size>0x38</size>
         <input_file_ref idref="fl-5"/>
      </object_component>
      <object_component id="oc-245">
         <name>.debug_line</name>
         <load_address>0xe6b</load_address>
         <run_address>0xe6b</run_address>
         <size>0x38</size>
         <input_file_ref idref="fl-5"/>
      </object_component>
      <object_component id="oc-df">
         <name>.debug_line</name>
         <load_address>0xea3</load_address>
         <run_address>0xea3</run_address>
         <size>0x10b</size>
         <input_file_ref idref="fl-5"/>
      </object_component>
      <object_component id="oc-24b">
         <name>.debug_line</name>
         <load_address>0xfae</load_address>
         <run_address>0xfae</run_address>
         <size>0x38</size>
         <input_file_ref idref="fl-5"/>
      </object_component>
      <object_component id="oc-254">
         <name>.debug_line</name>
         <load_address>0xfe6</load_address>
         <run_address>0xfe6</run_address>
         <size>0x20</size>
         <input_file_ref idref="fl-6"/>
      </object_component>
      <object_component id="oc-e5">
         <name>.debug_line</name>
         <load_address>0x1006</load_address>
         <run_address>0x1006</run_address>
         <size>0xec</size>
         <input_file_ref idref="fl-6"/>
      </object_component>
      <object_component id="oc-260">
         <name>.debug_line</name>
         <load_address>0x10f2</load_address>
         <run_address>0x10f2</run_address>
         <size>0x192</size>
         <input_file_ref idref="fl-7"/>
      </object_component>
      <object_component id="oc-131">
         <name>.debug_line</name>
         <load_address>0x1284</load_address>
         <run_address>0x1284</run_address>
         <size>0x8f5</size>
         <input_file_ref idref="fl-7"/>
      </object_component>
      <object_component id="oc-264">
         <name>.debug_line</name>
         <load_address>0x1b79</load_address>
         <run_address>0x1b79</run_address>
         <size>0x37</size>
         <input_file_ref idref="fl-7"/>
      </object_component>
      <object_component id="oc-19b">
         <name>.debug_line</name>
         <load_address>0x1bb0</load_address>
         <run_address>0x1bb0</run_address>
         <size>0x1c2</size>
         <input_file_ref idref="fl-8"/>
      </object_component>
      <object_component id="oc-d2">
         <name>.debug_line</name>
         <load_address>0x1d72</load_address>
         <run_address>0x1d72</run_address>
         <size>0x37</size>
         <input_file_ref idref="fl-8"/>
      </object_component>
      <object_component id="oc-1bc">
         <name>.debug_line</name>
         <load_address>0x1da9</load_address>
         <run_address>0x1da9</run_address>
         <size>0x37</size>
         <input_file_ref idref="fl-8"/>
      </object_component>
      <object_component id="oc-1d9">
         <name>.debug_line</name>
         <load_address>0x1de0</load_address>
         <run_address>0x1de0</run_address>
         <size>0x37</size>
         <input_file_ref idref="fl-8"/>
      </object_component>
      <object_component id="oc-1db">
         <name>.debug_line</name>
         <load_address>0x1e17</load_address>
         <run_address>0x1e17</run_address>
         <size>0x37</size>
         <input_file_ref idref="fl-8"/>
      </object_component>
      <object_component id="oc-1c0">
         <name>.debug_line</name>
         <load_address>0x1e4e</load_address>
         <run_address>0x1e4e</run_address>
         <size>0x37</size>
         <input_file_ref idref="fl-8"/>
      </object_component>
      <object_component id="oc-1d7">
         <name>.debug_line</name>
         <load_address>0x1e85</load_address>
         <run_address>0x1e85</run_address>
         <size>0x37</size>
         <input_file_ref idref="fl-8"/>
      </object_component>
      <object_component id="oc-1be">
         <name>.debug_line</name>
         <load_address>0x1ebc</load_address>
         <run_address>0x1ebc</run_address>
         <size>0x37</size>
         <input_file_ref idref="fl-8"/>
      </object_component>
      <object_component id="oc-1c2">
         <name>.debug_line</name>
         <load_address>0x1ef3</load_address>
         <run_address>0x1ef3</run_address>
         <size>0x37</size>
         <input_file_ref idref="fl-8"/>
      </object_component>
      <object_component id="oc-80">
         <name>.debug_line</name>
         <load_address>0x1f2a</load_address>
         <run_address>0x1f2a</run_address>
         <size>0xcf9</size>
         <input_file_ref idref="fl-8"/>
      </object_component>
      <object_component id="oc-1a4">
         <name>.debug_line</name>
         <load_address>0x2c23</load_address>
         <run_address>0x2c23</run_address>
         <size>0x37</size>
         <input_file_ref idref="fl-8"/>
      </object_component>
      <object_component id="oc-25e">
         <name>.debug_line</name>
         <load_address>0x2c5a</load_address>
         <run_address>0x2c5a</run_address>
         <size>0x1cd</size>
         <input_file_ref idref="fl-9"/>
      </object_component>
      <object_component id="oc-25a">
         <name>.debug_line</name>
         <load_address>0x2e27</load_address>
         <run_address>0x2e27</run_address>
         <size>0x38</size>
         <input_file_ref idref="fl-9"/>
      </object_component>
      <object_component id="oc-25c">
         <name>.debug_line</name>
         <load_address>0x2e5f</load_address>
         <run_address>0x2e5f</run_address>
         <size>0x38</size>
         <input_file_ref idref="fl-9"/>
      </object_component>
      <object_component id="oc-258">
         <name>.debug_line</name>
         <load_address>0x2e97</load_address>
         <run_address>0x2e97</run_address>
         <size>0x38</size>
         <input_file_ref idref="fl-9"/>
      </object_component>
      <object_component id="oc-256">
         <name>.debug_line</name>
         <load_address>0x2ecf</load_address>
         <run_address>0x2ecf</run_address>
         <size>0x38</size>
         <input_file_ref idref="fl-9"/>
      </object_component>
      <object_component id="oc-f7">
         <name>.debug_line</name>
         <load_address>0x2f07</load_address>
         <run_address>0x2f07</run_address>
         <size>0x448</size>
         <input_file_ref idref="fl-9"/>
      </object_component>
      <object_component id="oc-1d4">
         <name>.debug_line</name>
         <load_address>0x334f</load_address>
         <run_address>0x334f</run_address>
         <size>0x38</size>
         <input_file_ref idref="fl-9"/>
      </object_component>
      <object_component id="oc-106">
         <name>.debug_line</name>
         <load_address>0x3387</load_address>
         <run_address>0x3387</run_address>
         <size>0x9d</size>
         <input_file_ref idref="fl-a"/>
      </object_component>
      <object_component id="oc-da">
         <name>.debug_line</name>
         <load_address>0x3424</load_address>
         <run_address>0x3424</run_address>
         <size>0x4c</size>
         <input_file_ref idref="fl-a"/>
      </object_component>
      <object_component id="oc-104">
         <name>.debug_line</name>
         <load_address>0x3470</load_address>
         <run_address>0x3470</run_address>
         <size>0x4c</size>
         <input_file_ref idref="fl-a"/>
      </object_component>
      <object_component id="oc-33">
         <name>.debug_line</name>
         <load_address>0x34bc</load_address>
         <run_address>0x34bc</run_address>
         <size>0x14e</size>
         <input_file_ref idref="fl-a"/>
      </object_component>
      <object_component id="oc-2e">
         <name>.debug_line</name>
         <load_address>0x360a</load_address>
         <run_address>0x360a</run_address>
         <size>0xe1</size>
         <input_file_ref idref="fl-b"/>
      </object_component>
      <object_component id="oc-276">
         <name>.debug_line</name>
         <load_address>0x36eb</load_address>
         <run_address>0x36eb</run_address>
         <size>0x20</size>
         <input_file_ref idref="fl-c"/>
      </object_component>
      <object_component id="oc-269">
         <name>.debug_line</name>
         <load_address>0x370b</load_address>
         <run_address>0x370b</run_address>
         <size>0x3c</size>
         <input_file_ref idref="fl-c"/>
      </object_component>
      <object_component id="oc-274">
         <name>.debug_line</name>
         <load_address>0x3747</load_address>
         <run_address>0x3747</run_address>
         <size>0x3c</size>
         <input_file_ref idref="fl-c"/>
      </object_component>
      <object_component id="oc-26b">
         <name>.debug_line</name>
         <load_address>0x3783</load_address>
         <run_address>0x3783</run_address>
         <size>0x3c</size>
         <input_file_ref idref="fl-c"/>
      </object_component>
      <object_component id="oc-267">
         <name>.debug_line</name>
         <load_address>0x37bf</load_address>
         <run_address>0x37bf</run_address>
         <size>0x3c</size>
         <input_file_ref idref="fl-c"/>
      </object_component>
      <object_component id="oc-137">
         <name>.debug_line</name>
         <load_address>0x37fb</load_address>
         <run_address>0x37fb</run_address>
         <size>0x28d</size>
         <input_file_ref idref="fl-c"/>
      </object_component>
      <object_component id="oc-1fc">
         <name>.debug_line</name>
         <load_address>0x3a88</load_address>
         <run_address>0x3a88</run_address>
         <size>0x20</size>
         <input_file_ref idref="fl-c"/>
      </object_component>
      <object_component id="oc-1f4">
         <name>.debug_line</name>
         <load_address>0x3aa8</load_address>
         <run_address>0x3aa8</run_address>
         <size>0x5b</size>
         <input_file_ref idref="fl-c7"/>
      </object_component>
      <object_component id="oc-47">
         <name>.debug_line</name>
         <load_address>0x3b03</load_address>
         <run_address>0x3b03</run_address>
         <size>0x88</size>
         <input_file_ref idref="fl-c8"/>
      </object_component>
      <object_component id="oc-b7">
         <name>.debug_line</name>
         <load_address>0x3b8b</load_address>
         <run_address>0x3b8b</run_address>
         <size>0x79</size>
         <input_file_ref idref="fl-c9"/>
      </object_component>
      <object_component id="oc-12a">
         <name>.debug_line</name>
         <load_address>0x3c04</load_address>
         <run_address>0x3c04</run_address>
         <size>0x9e</size>
         <input_file_ref idref="fl-ca"/>
      </object_component>
      <object_component id="oc-59">
         <name>.debug_line</name>
         <load_address>0x3ca2</load_address>
         <run_address>0x3ca2</run_address>
         <size>0x4f</size>
         <input_file_ref idref="fl-ca"/>
      </object_component>
      <object_component id="oc-b0">
         <name>.debug_line</name>
         <load_address>0x3cf1</load_address>
         <run_address>0x3cf1</run_address>
         <size>0x34</size>
         <input_file_ref idref="fl-ca"/>
      </object_component>
      <object_component id="oc-127">
         <name>.debug_line</name>
         <load_address>0x3d25</load_address>
         <run_address>0x3d25</run_address>
         <size>0x8a</size>
         <input_file_ref idref="fl-ca"/>
      </object_component>
      <object_component id="oc-ab">
         <name>.debug_line</name>
         <load_address>0x3daf</load_address>
         <run_address>0x3daf</run_address>
         <size>0x20</size>
         <input_file_ref idref="fl-cb"/>
      </object_component>
      <object_component id="oc-1a">
         <name>.debug_line</name>
         <load_address>0x3dcf</load_address>
         <run_address>0x3dcf</run_address>
         <size>0x55</size>
         <input_file_ref idref="fl-cb"/>
      </object_component>
      <object_component id="oc-4c">
         <name>.debug_line</name>
         <load_address>0x3e24</load_address>
         <run_address>0x3e24</run_address>
         <size>0x3a</size>
         <input_file_ref idref="fl-cb"/>
      </object_component>
      <object_component id="oc-a8">
         <name>.debug_line</name>
         <load_address>0x3e5e</load_address>
         <run_address>0x3e5e</run_address>
         <size>0x8a</size>
         <input_file_ref idref="fl-cb"/>
      </object_component>
      <object_component id="oc-123">
         <name>.debug_line</name>
         <load_address>0x3ee8</load_address>
         <run_address>0x3ee8</run_address>
         <size>0x20</size>
         <input_file_ref idref="fl-cc"/>
      </object_component>
      <object_component id="oc-15">
         <name>.debug_line</name>
         <load_address>0x3f08</load_address>
         <run_address>0x3f08</run_address>
         <size>0xa9</size>
         <input_file_ref idref="fl-cc"/>
      </object_component>
      <object_component id="oc-3c">
         <name>.debug_line</name>
         <load_address>0x3fb1</load_address>
         <run_address>0x3fb1</run_address>
         <size>0x3a</size>
         <input_file_ref idref="fl-cc"/>
      </object_component>
      <object_component id="oc-120">
         <name>.debug_line</name>
         <load_address>0x3feb</load_address>
         <run_address>0x3feb</run_address>
         <size>0x92</size>
         <input_file_ref idref="fl-cc"/>
      </object_component>
      <object_component id="oc-a1">
         <name>.debug_line</name>
         <load_address>0x407d</load_address>
         <run_address>0x407d</run_address>
         <size>0x8e</size>
         <input_file_ref idref="fl-cc"/>
      </object_component>
      <object_component id="oc-74">
         <name>.debug_line</name>
         <load_address>0x410b</load_address>
         <run_address>0x410b</run_address>
         <size>0x33</size>
         <input_file_ref idref="fl-cd"/>
      </object_component>
      <object_component id="oc-62">
         <name>.debug_line</name>
         <load_address>0x413e</load_address>
         <run_address>0x413e</run_address>
         <size>0x56</size>
         <input_file_ref idref="fl-cd"/>
      </object_component>
      <object_component id="oc-161">
         <name>.debug_line</name>
         <load_address>0x4194</load_address>
         <run_address>0x4194</run_address>
         <size>0x3c</size>
         <input_file_ref idref="fl-ce"/>
      </object_component>
      <object_component id="oc-26d">
         <name>.debug_line</name>
         <load_address>0x41d0</load_address>
         <run_address>0x41d0</run_address>
         <size>0x37</size>
         <input_file_ref idref="fl-d1"/>
      </object_component>
      <object_component id="oc-2a0">
         <name>.debug_line</name>
         <load_address>0x4207</load_address>
         <run_address>0x4207</run_address>
         <size>0xb7</size>
         <input_file_ref idref="fl-d2"/>
      </object_component>
      <object_component id="oc-16d">
         <name>.debug_line</name>
         <load_address>0x42be</load_address>
         <run_address>0x42be</run_address>
         <size>0x6c</size>
         <input_file_ref idref="fl-d2"/>
      </object_component>
      <object_component id="oc-2a4">
         <name>.debug_line</name>
         <load_address>0x432a</load_address>
         <run_address>0x432a</run_address>
         <size>0x2e</size>
         <input_file_ref idref="fl-d2"/>
      </object_component>
      <object_component id="oc-2c7">
         <name>.debug_line</name>
         <load_address>0x4358</load_address>
         <run_address>0x4358</run_address>
         <size>0x92</size>
         <input_file_ref idref="fl-d2"/>
      </object_component>
      <object_component id="oc-2a9">
         <name>.debug_line</name>
         <load_address>0x43ea</load_address>
         <run_address>0x43ea</run_address>
         <size>0x8f</size>
         <input_file_ref idref="fl-d2"/>
      </object_component>
      <object_component id="oc-2ae">
         <name>.debug_line</name>
         <load_address>0x4479</load_address>
         <run_address>0x4479</run_address>
         <size>0x8b</size>
         <input_file_ref idref="fl-d2"/>
      </object_component>
      <object_component id="oc-bc">
         <name>.debug_line</name>
         <load_address>0x4504</load_address>
         <run_address>0x4504</run_address>
         <size>0x40</size>
         <input_file_ref idref="fl-d3"/>
      </object_component>
      <object_component id="oc-278">
         <name>.debug_line</name>
         <load_address>0x4544</load_address>
         <run_address>0x4544</run_address>
         <size>0x5b</size>
         <input_file_ref idref="fl-d5"/>
      </object_component>
      <object_component id="oc-27a">
         <name>.debug_line</name>
         <load_address>0x459f</load_address>
         <run_address>0x459f</run_address>
         <size>0x56</size>
         <input_file_ref idref="fl-d5"/>
      </object_component>
      <object_component id="oc-13a">
         <name>.debug_line</name>
         <load_address>0x45f5</load_address>
         <run_address>0x45f5</run_address>
         <size>0x6b</size>
         <input_file_ref idref="fl-d5"/>
      </object_component>
      <object_component id="oc-143">
         <name>.debug_line</name>
         <load_address>0x4660</load_address>
         <run_address>0x4660</run_address>
         <size>0x80</size>
         <input_file_ref idref="fl-d5"/>
      </object_component>
      <object_component id="oc-28c">
         <name>.debug_line</name>
         <load_address>0x46e0</load_address>
         <run_address>0x46e0</run_address>
         <size>0xc8</size>
         <input_file_ref idref="fl-d7"/>
      </object_component>
      <object_component id="oc-286">
         <name>.debug_line</name>
         <load_address>0x47a8</load_address>
         <run_address>0x47a8</run_address>
         <size>0x58</size>
         <input_file_ref idref="fl-d7"/>
      </object_component>
      <object_component id="oc-288">
         <name>.debug_line</name>
         <load_address>0x4800</load_address>
         <run_address>0x4800</run_address>
         <size>0x58</size>
         <input_file_ref idref="fl-d7"/>
      </object_component>
      <object_component id="oc-2c0">
         <name>.debug_line</name>
         <load_address>0x4858</load_address>
         <run_address>0x4858</run_address>
         <size>0x58</size>
         <input_file_ref idref="fl-d7"/>
      </object_component>
      <object_component id="oc-28a">
         <name>.debug_line</name>
         <load_address>0x48b0</load_address>
         <run_address>0x48b0</run_address>
         <size>0x58</size>
         <input_file_ref idref="fl-d7"/>
      </object_component>
      <object_component id="oc-20e">
         <name>.debug_line</name>
         <load_address>0x4908</load_address>
         <run_address>0x4908</run_address>
         <size>0x77</size>
         <input_file_ref idref="fl-d7"/>
      </object_component>
      <object_component id="oc-214">
         <name>.debug_line</name>
         <load_address>0x497f</load_address>
         <run_address>0x497f</run_address>
         <size>0x87</size>
         <input_file_ref idref="fl-d7"/>
      </object_component>
      <object_component id="oc-149">
         <name>.debug_line</name>
         <load_address>0x4a06</load_address>
         <run_address>0x4a06</run_address>
         <size>0x16b</size>
         <input_file_ref idref="fl-d7"/>
      </object_component>
      <object_component id="oc-28f">
         <name>.debug_line</name>
         <load_address>0x4b71</load_address>
         <run_address>0x4b71</run_address>
         <size>0x58</size>
         <input_file_ref idref="fl-d7"/>
      </object_component>
      <object_component id="oc-c4">
         <name>.debug_frame</name>
         <load_address>0x0</load_address>
         <run_address>0x0</run_address>
         <size>0xf0</size>
         <input_file_ref idref="fl-2"/>
      </object_component>
      <object_component id="oc-29">
         <name>.debug_frame</name>
         <load_address>0xf0</load_address>
         <run_address>0xf0</run_address>
         <size>0x90</size>
         <input_file_ref idref="fl-3"/>
      </object_component>
      <object_component id="oc-e0">
         <name>.debug_frame</name>
         <load_address>0x180</load_address>
         <run_address>0x180</run_address>
         <size>0xbc</size>
         <input_file_ref idref="fl-5"/>
      </object_component>
      <object_component id="oc-e6">
         <name>.debug_frame</name>
         <load_address>0x23c</load_address>
         <run_address>0x23c</run_address>
[...]
      </symbol>
      <symbol id="sm-226">
         <name>uxQueueSpacesAvailable</name>
         <value>0x23d9</value>
         <object_component_ref idref="oc-12d"/>
      </symbol>
      <symbol id="sm-227">
         <name>xQueueGiveMutexRecursive</name>
         <value>0x1c49</value>
         <object_component_ref idref="oc-12d"/>
      </symbol>
      <symbol id="sm-228">
         <name>xQueueSemaphoreTake</name>
         <value>0x205d</value>
         <object_component_ref idref="oc-12d"/>
      </symbol>
      <symbol id="sm-229">
         <name>vQueueUnregisterQueue</name>
         <value>0x271f</value>
         <object_component_ref idref="oc-12d"/>
      </symbol>
      <symbol id="sm-22a">
         <name>xQueueGiveFromISR</name>
         <value>0x1eaf</value>
         <object_component_ref idref="oc-12d"/>
      </symbol>
      <symbol id="sm-22b">
         <name>uxQueueMessagesWaitingFromISR</name>
         <value>0x23f9</value>
         <object_component_ref idref="oc-12d"/>
      </symbol>
      <symbol id="sm-22c">
         <name>uxQueueGetQueueNumber</name>
         <value>0x2421</value>
         <object_component_ref idref="oc-12d"/>
      </symbol>
      <symbol id="sm-22d">
         <name>xQueueTakeMutexRecursive</name>
         <value>0x1c85</value>
         <object_component_ref idref="oc-12d"/>
      </symbol>
      <symbol id="sm-22e">
         <name>xQueueCreateCountingSemaphore</name>
         <value>0x1cc9</value>
         <object_component_ref idref="oc-12d"/>
      </symbol>
      <symbol id="sm-22f">
         <name>vQueueWaitForMessageRestricted</name>
         <value>0x2763</value>
         <object_component_ref idref="oc-12d"/>
      </symbol>
      <symbol id="sm-230">
         <name>vQueueDelete</name>
         <value>0x240b</value>
         <object_component_ref idref="oc-12d"/>
      </symbol>
      <symbol id="sm-231">
         <name>xQueuePeek</name>
         <value>0x21b7</value>
         <object_component_ref idref="oc-12d"/>
      </symbol>
      <symbol id="sm-232">
         <name>xQueueReceive</name>
         <value>0x1f41</value>
         <object_component_ref idref="oc-12d"/>
      </symbol>
      <symbol id="sm-233">
         <name>pcQueueGetName</name>
         <value>0x26df</value>
         <object_component_ref idref="oc-12d"/>
      </symbol>
      <symbol id="sm-234">
         <name>ucQueueGetQueueType</name>
         <value>0x2441</value>
         <object_component_ref idref="oc-12d"/>
      </symbol>
      <symbol id="sm-417">
         <name>vTaskDelay</name>
         <value>0x541</value>
         <object_component_ref idref="oc-7c"/>
      </symbol>
      <symbol id="sm-418">
         <name>vTaskSuspendAll</name>
         <value>0xa35</value>
         <object_component_ref idref="oc-7c"/>
      </symbol>
      <symbol id="sm-419">
         <name>vTaskPlaceOnEventList</name>
         <value>0xdfd</value>
         <object_component_ref idref="oc-7c"/>
      </symbol>
      <symbol id="sm-41a">
         <name>vTaskSetTaskNumber</name>
         <value>0x1059</value>
         <object_component_ref idref="oc-7c"/>
      </symbol>
      <symbol id="sm-41b">
         <name>uxTaskPriorityGetFromISR</name>
         <value>0x641</value>
         <object_component_ref idref="oc-7c"/>
      </symbol>
      <symbol id="sm-41c">
         <name>ulTaskNotifyTake</name>
         <value>0x1601</value>
         <object_component_ref idref="oc-7c"/>
      </symbol>
      <symbol id="sm-41d">
         <name>pcTaskGetName</name>
         <value>0xb57</value>
         <object_component_ref idref="oc-7c"/>
      </symbol>
      <symbol id="sm-41e">
         <name>xTaskCheckForTimeOut</name>
         <value>0xfa5</value>
         <object_component_ref idref="oc-7c"/>
      </symbol>
      <symbol id="sm-41f">
         <name>vTaskRemoveFromUnorderedEventList</name>
         <value>0xef9</value>
         <object_component_ref idref="oc-7c"/>
      </symbol>
      <symbol id="sm-420">
         <name>vTaskPrioritySet</name>
         <value>0x68d</value>
         <object_component_ref idref="oc-7c"/>
      </symbol>
      <symbol id="sm-421">
         <name>xTaskPriorityDisinherit</name>
         <value>0x1445</value>
         <object_component_ref idref="oc-7c"/>
      </symbol>
      <symbol id="sm-422">
         <name>vTaskStartScheduler</name>
         <value>0x9bd</value>
         <object_component_ref idref="oc-7c"/>
      </symbol>
      <symbol id="sm-423">
         <name>vTaskInternalSetTimeOutState</name>
         <value>0xf83</value>
         <object_component_ref idref="oc-7c"/>
      </symbol>
      <symbol id="sm-424">
         <name>xTaskNotifyStateClear</name>
         <value>0x19cb</value>
         <object_component_ref idref="oc-7c"/>
      </symbol>
      <symbol id="sm-425">
         <name>pvTaskIncrementMutexHeldCount</name>
         <value>0x15e3</value>
         <object_component_ref idref="oc-7c"/>
      </symbol>
      <symbol id="sm-426">
         <name>xTaskGenericNotify</name>
         <value>0x1723</value>
         <object_component_ref idref="oc-7c"/>
      </symbol>
      <symbol id="sm-427">
         <name>vTaskPriorityDisinheritAfterTimeout</name>
         <value>0x14e9</value>
         <object_component_ref idref="oc-7c"/>
      </symbol>
      <symbol id="sm-428">
         <name>xTaskCreate</name>
         <value>0x209</value>
         <object_component_ref idref="oc-7c"/>
      </symbol>
      <symbol id="sm-429">
         <name>vTaskDelayUntil</name>
         <value>0x4b1</value>
         <object_component_ref idref="oc-7c"/>
      </symbol>
      <symbol id="sm-42a">
         <name>uxTaskGetTaskNumber</name>
         <value>0x1035</value>
         <object_component_ref idref="oc-7c"/>
      </symbol>
      <symbol id="sm-42b">
         <name>vTaskEndScheduler</name>
         <value>0xa19</value>
         <object_component_ref idref="oc-7c"/>
      </symbol>
      <symbol id="sm-42c">
         <name>xTaskNotifyWait</name>
         <value>0x1681</value>
         <object_component_ref idref="oc-7c"/>
      </symbol>
      <symbol id="sm-42d">
         <name>vTaskMissedYield</name>
         <value>0x1023</value>
         <object_component_ref idref="oc-7c"/>
      </symbol>
      <symbol id="sm-42e">
         <name>uxTaskGetNumberOfTasks</name>
         <value>0xb51</value>
         <object_component_ref idref="oc-7c"/>
      </symbol>
      <symbol id="sm-42f">
         <name>xTaskGenericNotifyFromISR</name>
         <value>0x180d</value>
         <object_component_ref idref="oc-7c"/>
      </symbol>
      <symbol id="sm-430">
         <name>vTaskGetInfo</name>
         <value>0x112d</value>
         <object_component_ref idref="oc-7c"/>
      </symbol>
      <symbol id="sm-431">
         <name>uxTaskPriorityGet</name>
         <value>0x611</value>
         <object_component_ref idref="oc-7c"/>
      </symbol>
      <symbol id="sm-432">
         <name>xTaskResumeAll</name>
         <value>0xa49</value>
         <object_component_ref idref="oc-7c"/>
      </symbol>
      <symbol id="sm-433">
         <name>xTaskGetTickCount</name>
         <value>0xb2d</value>
         <object_component_ref idref="oc-7c"/>
      </symbol>
      <symbol id="sm-434">
         <name>uxTaskGetSystemState</name>
         <value>0xb7d</value>
         <object_component_ref idref="oc-7c"/>
      </symbol>
      <symbol id="sm-435">
         <name>vTaskDelete</name>
         <value>0x403</value>
         <object_component_ref idref="oc-7c"/>
      </symbol>
      <symbol id="sm-436">
         <name>pxCurrentTCB</name>
         <value>0x2000c6c0</value>
         <object_component_ref idref="oc-76"/>
      </symbol>
      <symbol id="sm-437">
         <name>vTaskNotifyGiveFromISR</name>
         <value>0x191d</value>
         <object_component_ref idref="oc-7c"/>
      </symbol>
      <symbol id="sm-438">
         <name>eTaskGetState</name>
         <value>0x57d</value>
         <object_component_ref idref="oc-7c"/>
      </symbol>
      <symbol id="sm-439">
         <name>vTaskSuspend</name>
         <value>0x7a5</value>
         <object_component_ref idref="oc-7c"/>
      </symbol>
      <symbol id="sm-43a">
         <name>xTaskGetTickCountFromISR</name>
         <value>0xb3d</value>
         <object_component_ref idref="oc-7c"/>
      </symbol>
      <symbol id="sm-43b">
         <name>vTaskResume</name>
         <value>0x8b5</value>
         <object_component_ref idref="oc-7c"/>
      </symbol>
      <symbol id="sm-43c">
         <name>vTaskPlaceOnEventListRestricted</name>
         <value>0xe43</value>
         <object_component_ref idref="oc-7c"/>
      </symbol>
      <symbol id="sm-43d">
         <name>vTaskSetTimeOutState</name>
         <value>0xf65</value>
         <object_component_ref idref="oc-7c"/>
      </symbol>
      <symbol id="sm-43e">
         <name>xTaskIncrementTick</name>
         <value>0xc71</value>
         <object_component_ref idref="oc-7c"/>
      </symbol>
      <symbol id="sm-43f">
         <name>vTaskSwitchContext</name>
         <value>0xd95</value>
         <object_component_ref idref="oc-7c"/>
      </symbol>
      <symbol id="sm-440">
         <name>uxTaskResetEventItemValue</name>
         <value>0x15c1</value>
         <object_component_ref idref="oc-7c"/>
      </symbol>
      <symbol id="sm-441">
         <name>xTaskGetSchedulerState</name>
         <value>0x1319</value>
         <object_component_ref idref="oc-7c"/>
      </symbol>
      <symbol id="sm-442">
         <name>xTaskResumeFromISR</name>
         <value>0x92f</value>
         <object_component_ref idref="oc-7c"/>
      </symbol>
      <symbol id="sm-443">
         <name>xTaskGetCurrentTaskHandle</name>
         <value>0x12ff</value>
         <object_component_ref idref="oc-7c"/>
      </symbol>
      <symbol id="sm-444">
         <name>vTaskPlaceOnUnorderedEventList</name>
         <value>0xe19</value>
         <object_component_ref idref="oc-7c"/>
      </symbol>
      <symbol id="sm-445">
         <name>xTaskRemoveFromEventList</name>
         <value>0xe7d</value>
         <object_component_ref idref="oc-7c"/>
      </symbol>
      <symbol id="sm-446">
         <name>xTaskPriorityInherit</name>
         <value>0x1365</value>
         <object_component_ref idref="oc-7c"/>
      </symbol>
      <symbol id="sm-4d4">
         <name>vTimerSetTimerNumber</name>
         <value>0x2d2f</value>
         <object_component_ref idref="oc-f3"/>
      </symbol>
      <symbol id="sm-4d5">
         <name>xTimerGetTimerDaemonTaskHandle</name>
         <value>0x28d5</value>
         <object_component_ref idref="oc-f3"/>
      </symbol>
      <symbol id="sm-4d6">
         <name>pcTimerGetName</name>
         <value>0x2903</value>
         <object_component_ref idref="oc-f3"/>
      </symbol>
      <symbol id="sm-4d7">
         <name>xTimerCreateTimerTask</name>
         <value>0x27c9</value>
         <object_component_ref idref="oc-f3"/>
      </symbol>
      <symbol id="sm-4d8">
         <name>xTimerGetExpiryTime</name>
         <value>0x28ed</value>
         <object_component_ref idref="oc-f3"/>
      </symbol>
      <symbol id="sm-4d9">
         <name>uxTimerGetTimerNumber</name>
         <value>0x2d21</value>
         <object_component_ref idref="oc-f3"/>
      </symbol>
      <symbol id="sm-4da">
         <name>xTimerIsTimerActive</name>
         <value>0x2cc1</value>
         <object_component_ref idref="oc-f3"/>
      </symbol>
      <symbol id="sm-4db">
         <name>xTimerGetPeriod</name>
         <value>0x28db</value>
         <object_component_ref idref="oc-f3"/>
      </symbol>
      <symbol id="sm-4dc">
         <name>xTimerCreate</name>
         <value>0x27f5</value>
         <object_component_ref idref="oc-f3"/>
      </symbol>
      <symbol id="sm-4dd">
         <name>xTimerGenericCommand</name>
         <value>0x2869</value>
         <object_component_ref idref="oc-f3"/>
      </symbol>
      <symbol id="sm-4de">
         <name>pvTimerGetTimerID</name>
         <value>0x2ced</value>
         <object_component_ref idref="oc-f3"/>
      </symbol>
      <symbol id="sm-4df">
         <name>vTimerSetTimerID</name>
         <value>0x2d07</value>
         <object_component_ref idref="oc-f3"/>
      </symbol>
      <symbol id="sm-50f">
         <name>ulMaxSyscallInterruptPriority</name>
         <value>0x4294</value>
         <object_component_ref idref="oc-79"/>
      </symbol>
      <symbol id="sm-510">
         <name>vPortSetupTimerInterrupt</name>
         <value>0x3a1f</value>
         <object_component_ref idref="oc-2f"/>
      </symbol>
      <symbol id="sm-511">
         <name>vPortEndScheduler</name>
         <value>0x39c1</value>
         <object_component_ref idref="oc-2f"/>
      </symbol>
      <symbol id="sm-512">
         <name>xPortSysTickHandler</name>
         <value>0x39f9</value>
         <object_component_ref idref="oc-2f"/>
      </symbol>
      <symbol id="sm-513">
         <name>pxPortInitialiseStack</name>
         <value>0x3921</value>
         <object_component_ref idref="oc-2f"/>
      </symbol>
      <symbol id="sm-514">
         <name>vPortExitCritical</name>
         <value>0x39e3</value>
         <object_component_ref idref="oc-2f"/>
      </symbol>
      <symbol id="sm-515">
         <name>xPortStartScheduler</name>
         <value>0x398b</value>
         <object_component_ref idref="oc-2f"/>
      </symbol>
      <symbol id="sm-516">
         <name>vPortEnterCritical</name>
         <value>0x39c3</value>
         <object_component_ref idref="oc-2f"/>
      </symbol>
      <symbol id="sm-525">
         <name>vPortStartFirstTask</name>
         <value>0x3c31</value>
         <object_component_ref idref="oc-2a"/>
      </symbol>
      <symbol id="sm-526">
         <name>ulPortGetIPSR</name>
         <value>0x3b99</value>
         <object_component_ref idref="oc-2a"/>
      </symbol>
      <symbol id="sm-527">
         <name>vPortEnableVFP</name>
         <value>0x3c55</value>
         <object_component_ref idref="oc-2a"/>
      </symbol>
      <symbol id="sm-528">
         <name>xPortPendSVHandler</name>
         <value>0x3bb1</value>
         <object_component_ref idref="oc-2a"/>
      </symbol>
      <symbol id="sm-529">
         <name>vPortSVCHandler</name>
         <value>0x3c11</value>
         <object_component_ref idref="oc-2a"/>
      </symbol>
      <symbol id="sm-59f">
         <name>UARTgetc</name>
         <value>0x2ed5</value>
         <object_component_ref idref="oc-133"/>
      </symbol>
      <symbol id="sm-5a0">
         <name>UARTgets</name>
         <value>0x2e0f</value>
         <object_component_ref idref="oc-133"/>
      </symbol>
      <symbol id="sm-5a1">
         <name>UARTStdioConfig</name>
         <value>0x2d5d</value>
         <object_component_ref idref="oc-133"/>
      </symbol>
      <symbol id="sm-5a2">
         <name>UARTwrite</name>
         <value>0x2dbd</value>
         <object_component_ref idref="oc-133"/>
      </symbol>
      <symbol id="sm-5a3">
         <name>UARTprintf</name>
         <value>0x3203</value>
         <object_component_ref idref="oc-133"/>
      </symbol>
      <symbol id="sm-5a4">
         <name>UARTvprintf</name>
         <value>0x2f09</value>
         <object_component_ref idref="oc-133"/>
      </symbol>
      <symbol id="sm-5b3">
         <name>__aeabi_uidivmod</name>
         <value>0x3eb9</value>
         <object_component_ref idref="oc-1f0"/>
      </symbol>
      <symbol id="sm-5b4">
         <name>__aeabi_uidiv</name>
         <value>0x3eb9</value>
         <object_component_ref idref="oc-1f0"/>
      </symbol>
      <symbol id="sm-5cf">
         <name>memcpy</name>
         <value>0x3c63</value>
         <object_component_ref idref="oc-43"/>
      </symbol>
      <symbol id="sm-5d0">
         <name>__aeabi_memcpy</name>
         <value>0x3c63</value>
         <object_component_ref idref="oc-43"/>
      </symbol>
      <symbol id="sm-5d1">
         <name>__aeabi_memcpy8</name>
         <value>0x3c63</value>
         <object_component_ref idref="oc-43"/>
      </symbol>
      <symbol id="sm-5d2">
         <name>__aeabi_memcpy4</name>
         <value>0x3c63</value>
         <object_component_ref idref="oc-43"/>
      </symbol>
      <symbol id="sm-5e1">
         <name>__aeabi_memset</name>
         <value>0x3d01</value>
         <object_component_ref idref="oc-b3"/>
      </symbol>
      <symbol id="sm-5e2">
         <name>memset</name>
         <value>0x3d07</value>
         <object_component_ref idref="oc-b3"/>
      </symbol>
      <symbol id="sm-5e3">
         <name>__aeabi_memset8</name>
         <value>0x3d01</value>
         <object_component_ref idref="oc-b3"/>
      </symbol>
      <symbol id="sm-5e4">
         <name>__aeabi_memset4</name>
         <value>0x3d01</value>
         <object_component_ref idref="oc-b3"/>
      </symbol>
      <symbol id="sm-5e5">
         <name>__aeabi_memclr8</name>
         <value>0x3cff</value>
         <object_component_ref idref="oc-b3"/>
      </symbol>
      <symbol id="sm-5e6">
         <name>__aeabi_memclr4</name>
         <value>0x3cff</value>
         <object_component_ref idref="oc-b3"/>
      </symbol>
      <symbol id="sm-5e7">
         <name>__aeabi_memclr</name>
         <value>0x3cff</value>
         <object_component_ref idref="oc-b3"/>
      </symbol>
      <symbol id="sm-5fe">
         <name>__TI_zero_init</name>
         <value>0x3f5f</value>
         <object_component_ref idref="oc-55"/>
      </symbol>
      <symbol id="sm-615">
         <name>__TI_decompress_none</name>
         <value>0x3f51</value>
         <object_component_ref idref="oc-18"/>
      </symbol>
      <symbol id="sm-638">
         <name>__TI_decompress_lzss</name>
         <value>0x3d79</value>
         <object_component_ref idref="oc-12"/>
      </symbol>
      <symbol id="sm-64b">
         <name>__stack</name>
         <value>0x2000c4c0</value>
         <object_component_ref idref="oc-21"/>
      </symbol>
      <symbol id="sm-64c">
         <name>_c_int00_noargs</name>
         <value>0x3ef9</value>
         <object_component_ref idref="oc-61"/>
      </symbol>
      <symbol id="sm-657">
         <name>C$$EXIT</name>
         <value>0x3f81</value>
         <object_component_ref idref="oc-15c"/>
      </symbol>
      <symbol id="sm-658">
         <name>abort</name>
         <value>0x3f81</value>
         <object_component_ref idref="oc-15c"/>
      </symbol>
      <symbol id="sm-664">
         <name>__aeabi_idiv0</name>
         <value>0x3b87</value>
         <object_component_ref idref="oc-26c"/>
      </symbol>
      <symbol id="sm-665">
         <name>__aeabi_ldiv0</name>
         <value>0x3b87</value>
         <object_component_ref idref="oc-26c"/>
      </symbol>
      <symbol id="sm-68d">
         <name>__TI_auto_init_nobinit_nopinit</name>
         <value>0x3e75</value>
         <object_component_ref idref="oc-168"/>
      </symbol>
      <symbol id="sm-697">
         <name>_system_pre_init</name>
         <value>0x3f7d</value>
         <object_component_ref idref="oc-b9"/>
      </symbol>
      <symbol id="sm-6b9">
         <name>GPIOPinConfigure</name>
         <value>0x3de1</value>
         <object_component_ref idref="oc-13f"/>
      </symbol>
      <symbol id="sm-6ba">
         <name>GPIOPinWrite</name>
         <value>0x3f77</value>
         <object_component_ref idref="oc-139"/>
      </symbol>
      <symbol id="sm-71f">
         <name>SysCtlClockFreqSet</name>
         <value>0x3569</value>
         <object_component_ref idref="oc-145"/>
      </symbol>
      <symbol id="sm-721">
         <name>__TI_static_base__</name>
         <value>0x0</value>
      </symbol>
      <symbol id="sm-724">
         <name>__mpu_init</name>
         <value>0x0</value>
      </symbol>
      <symbol id="sm-725">
         <name>_system_post_cinit</name>
         <value>0x0</value>
      </symbol>
   </symbol_table>
   <title>Link successful</title>
</link_info>
