******************************************************************************
                  TI ARM Linker PC v18.1.1                     
******************************************************************************
>> Linked Sun Apr  8 14:44:49 2018

OUTPUT FILE NAME:   <hw5_q4.out>
ENTRY POINT SYMBOL: "_c_int00_noargs"  address: 00003f5d


MEMORY CONFIGURATION

         name            origin    length      used     unused   attr    fill
----------------------  --------  ---------  --------  --------  ----  --------
  FLASH                 00000000   00100000  00004338  000fbcc8  R  X
  SRAM                  20000000   00040000  0000c724  000338dc  RW X


SEGMENT ALLOCATION MAP

run origin  load origin   length   init length attrs members
----------  ----------- ---------- ----------- ----- -------
00000000    00000000    00004338   00004338    r-x
  00000000    00000000    00000208   00000208    r-- .intvecs
  00000208    00000208    00003de0   00003de0    r-x .text
  00003fe8    00003fe8    00000318   00000318    r-- .const
  00004300    00004300    00000038   00000038    r-- .cinit
20000000    20000000    0000c728   00000000    rw-
  20000000    20000000    0000c4cc   00000000    rw- .bss
  2000c4d0    2000c4d0    00000200   00000000    rw- .stack
  2000c6d0    2000c6d0    00000058   00000000    rw- .data


SECTION ALLOCATION MAP

 output                                  attributes/
section   page    origin      length       input sections
--------  ----  ----------  ----------   ----------------
.intvecs   0    00000000    00000208     
                  00000000    00000208     tm4c1294ncpdt_startup_ccs.obj (.intvecs)

.text      0    00000208    00003de0     
                  00000208    000018bc     tasks.obj (.text)
                  00001ac4    00000d04     queue.obj (.text)
                  000027c8    00000594     timers.obj (.text)
                  00002d5c    000004dc     uartstdio.obj (.text)
                  00003238    00000394     main.obj (.text)
                  000035cc    00000200     driverlib.lib : sysctl.obj (.text:SysCtlClockFreqSet)
                  000037cc    000001b8     heap_2.obj (.text)
                  00003984    0000013c     port.obj (.text)
                  00003ac0    0000012a     list.obj (.text)
                  00003bea    00000002     rtsv7M4_T_le_v4SPD16_eabi.lib : div0.asm.obj (.text)
                  00003bec    000000da     portasm.obj (.text)
                  00003cc6    0000009c     rtsv7M4_T_le_v4SPD16_eabi.lib : memcpy_t2.asm.obj (.text)
                  00003d62    0000007a                                   : memset_t2.asm.obj (.text)
                  00003ddc    00000068                                   : copy_decompress_lzss.c.obj (.text:decompress:lzss:__TI_decompress_lzss)
                  00003e44    0000004c     driverlib.lib : gpio.obj (.text:GPIOPinConfigure)
                  00003e90    00000048                   : sysctl.obj (.text:_SysCtlFrequencyGet)
                  00003ed8    00000044     rtsv7M4_T_le_v4SPD16_eabi.lib : autoinit.c.obj (.text:__TI_auto_init_nobinit_nopinit:__TI_auto_init_nobinit_nopinit)
                  00003f1c    00000040                                   : u_divt2.asm.obj (.text)
                  00003f5c    00000038                                   : boot_cortex_m.c.obj (.text:_c_int00_noargs:_c_int00_noargs)
                  00003f94    00000020     driverlib.lib : sysctl.obj (.text:_SysCtlMemTimingGet)
                  00003fb4    0000000e     rtsv7M4_T_le_v4SPD16_eabi.lib : copy_decompress_none.c.obj (.text:decompress:none:__TI_decompress_none)
                  00003fc2    0000000c                                   : copy_zero_init.c.obj (.text:decompress:ZI:__TI_zero_init)
                  00003fce    0000000c     tm4c1294ncpdt_startup_ccs.obj (.text)
                  00003fda    00000006     driverlib.lib : gpio.obj (.text:GPIOPinWrite)
                  00003fe0    00000004     rtsv7M4_T_le_v4SPD16_eabi.lib : pre_init.c.obj (.text:_system_pre_init)
                  00003fe4    00000004                                   : exit.c.obj (.text:abort:abort)

.const     0    00003fe8    00000318     
                  00003fe8    000001b0     driverlib.lib : sysctl.obj (.const:g_pppui32XTALtoVCO)
                  00004198    00000090                   : gpio.obj (.const:g_pui32GPIOBaseAddrs)
                  00004228    0000006c                   : sysctl.obj (.const:g_pui32Xtals)
                  00004294    00000030                   : sysctl.obj (.const:g_sXTALtoMEMTIM)
                  000042c4    00000012     uartstdio.obj (.const:.string)
                  000042d6    00000002     --HOLE-- [fill = 0]
                  000042d8    0000000c     uartstdio.obj (.const:g_ui32UARTBase)
                  000042e4    0000000c     uartstdio.obj (.const:g_ui32UARTPeriph)
                  000042f0    00000008     driverlib.lib : sysctl.obj (.const:g_pui32VCOFrequencies)
                  000042f8    00000004     port.obj (.const)
                  000042fc    00000004     uartstdio.obj (.const)

.cinit     0    00004300    00000038     
                  00004300    00000010     (.cinit..data.load) [load image, compression = lzss]
                  00004310    0000000c     (__TI_handler_table)
                  0000431c    00000004     --HOLE-- [fill = 0]
                  00004320    00000008     (.cinit..bss.load) [load image, compression = zero_init]
                  00004328    00000010     (__TI_cinit_table)

.init_array 
*          0    00000000    00000000     UNINITIALIZED

.bss       0    20000000    0000c4cc     UNINITIALIZED
                  20000000    0000c350     heap_2.obj (.bss:ucHeap)
                  2000c350    00000064     tasks.obj (.bss:pxReadyTasksLists)
                  2000c3b4    00000040     (.common:xQueueRegistry)
                  2000c3f4    00000014     timers.obj (.bss:xActiveTimerList1)
                  2000c408    00000014     timers.obj (.bss:xActiveTimerList2)
                  2000c41c    00000014     tasks.obj (.bss:xDelayedTaskList1)
                  2000c430    00000014     tasks.obj (.bss:xDelayedTaskList2)
                  2000c444    00000014     tasks.obj (.bss:xPendingReadyList)
                  2000c458    00000014     tasks.obj (.bss:xSuspendedTaskList)
                  2000c46c    00000014     tasks.obj (.bss:xTasksWaitingTermination)
                  2000c480    00000008     tasks.obj (.bss)
                  2000c488    00000008     timers.obj (.bss)
                  2000c490    00000008     heap_2.obj (.bss:xEnd)
                  2000c498    00000008     heap_2.obj (.bss:xStart)
                  2000c4a0    00000004     (.common:MyTimer)
                  2000c4a4    00000004     (.common:count2)
                  2000c4a8    00000004     (.common:g_pTASK1Queue)
                  2000c4ac    00000004     (.common:g_pTASK2Queue)
                  2000c4b0    00000004     (.common:g_pTASK3Queue)
                  2000c4b4    00000004     (.common:g_ui32SysClock)
                  2000c4b8    00000004     (.common:handle1)
                  2000c4bc    00000004     (.common:handle2)
                  2000c4c0    00000004     (.common:handle3)
                  2000c4c4    00000004     (.common:i8Message1)
                  2000c4c8    00000004     (.common:i8Message2)

.data      0    2000c6d0    00000058     UNINITIALIZED
                  2000c6d0    00000034     tasks.obj (.data)
                  2000c704    0000000c     timers.obj (.data)
                  2000c710    00000008     heap_2.obj (.data)
                  2000c718    00000005     uartstdio.obj (.data)
                  2000c71d    00000003     --HOLE--
                  2000c720    00000004     main.obj (.data)
                  2000c724    00000004     port.obj (.data)

.stack     0    2000c4d0    00000200     UNINITIALIZED
                  2000c4d0    00000004     rtsv7M4_T_le_v4SPD16_eabi.lib : boot_cortex_m.c.obj (.stack)
                  2000c4d4    000001fc     --HOLE--

MODULE SUMMARY

       Module                          code    ro data   rw data
       ------                          ----    -------   -------
    .\
       main.obj                        916     0         48     
       tm4c1294ncpdt_startup_ccs.obj   12      520       0      
    +--+-------------------------------+-------+---------+---------+
       Total:                          928     520       48     
                                                                
    .\FreeRTOS\
       heap_2.obj                      440     0         50024  
       tasks.obj                       6332    0         260    
       queue.obj                       3332    0         64     
       timers.obj                      1428    0         60     
       list.obj                        298     0         0      
    +--+-------------------------------+-------+---------+---------+
       Total:                          11830   0         50408  
                                                                
    .\FreeRTOS\portable\CCS\ARM_CM4F\
       port.obj                        316     4         4      
       portasm.obj                     218     0         0      
    +--+-------------------------------+-------+---------+---------+
       Total:                          534     4         4      
                                                                
    .\utilities\
       uartstdio.obj                   1244    46        5      
    +--+-------------------------------+-------+---------+---------+
       Total:                          1244    46        5      
                                                                
    C:/ti/TivaWare_C_Series-2.1.4.178/driverlib/ccs/Debug/driverlib.lib
       sysctl.obj                      616     596       0      
       gpio.obj                        82      144       0      
    +--+-------------------------------+-------+---------+---------+
       Total:                          698     740       0      
                                                                
    C:\ti\ccsv8\tools\compiler\ti-cgt-arm_18.1.1.LTS\lib\rtsv7M4_T_le_v4SPD16_eabi.lib
       memcpy_t2.asm.obj               156     0         0      
       memset_t2.asm.obj               122     0         0      
       copy_decompress_lzss.c.obj      104     0         0      
       autoinit.c.obj                  68      0         0      
       u_divt2.asm.obj                 64      0         0      
       boot_cortex_m.c.obj             56      0         0      
       copy_decompress_none.c.obj      14      0         0      
       copy_zero_init.c.obj            12      0         0      
       exit.c.obj                      4       0         0      
       pre_init.c.obj                  4       0         0      
       div0.asm.obj                    2       0         0      
    +--+-------------------------------+-------+---------+---------+
       Total:                          606     0         0      
                                                                
       Stack:                          0       0         512    
       Linker Generated:               0       52        0      
    +--+-------------------------------+-------+---------+---------+
       Grand Total:                    15840   1362      50977  


LINKER GENERATED COPY TABLES

__TI_cinit_table @ 00004328 records: 2, size/record: 8, table size: 16
	.data: load addr=00004300, load size=00000010 bytes, run addr=2000c6d0, run size=00000058 bytes, compression=lzss
	.bss: load addr=00004320, load size=00000008 bytes, run addr=20000000, run size=0000c4cc bytes, compression=zero_init


LINKER GENERATED HANDLER TABLE

__TI_handler_table @ 00004310 records: 3, size/record: 4, table size: 12
	index: 0, handler: __TI_decompress_lzss
	index: 1, handler: __TI_decompress_none
	index: 2, handler: __TI_zero_init


GLOBAL SYMBOLS: SORTED ALPHABETICALLY BY Name 

address   name                               
-------   ----                               
00003fe5  C$$EXIT                            
000033d3  ConfigureUART                      
00003e45  GPIOPinConfigure                   
00003fdb  GPIOPinWrite                       
2000c4a0  MyTimer                            
00003fcf  ResetISR                           
000035cd  SysCtlClockFreqSet                 
00003337  Task1Init                          
0000336b  Task2Init                          
0000339f  Task3Init                          
000032fd  Timer0IntHandler                   
00002d5d  UARTStdioConfig                    
00002ed5  UARTgetc                           
00002e0f  UARTgets                           
00003203  UARTprintf                         
00002f09  UARTvprintf                        
00002dbd  UARTwrite                          
2000c6d0  __STACK_END                        
00000200  __STACK_SIZE                       
2000c6d0  __STACK_TOP                        
00004328  __TI_CINIT_Base                    
00004338  __TI_CINIT_Limit                   
00004310  __TI_Handler_Table_Base            
0000431c  __TI_Handler_Table_Limit           
00003ed9  __TI_auto_init_nobinit_nopinit     
00003ddd  __TI_decompress_lzss               
00003fb5  __TI_decompress_none               
ffffffff  __TI_pprof_out_hndl                
ffffffff  __TI_prof_data_size                
ffffffff  __TI_prof_data_start               
00000000  __TI_static_base__                 
00003fc3  __TI_zero_init                     
00003beb  __aeabi_idiv0                      
00003beb  __aeabi_ldiv0                      
00003d63  __aeabi_memclr                     
00003d63  __aeabi_memclr4                    
00003d63  __aeabi_memclr8                    
00003cc7  __aeabi_memcpy                     
00003cc7  __aeabi_memcpy4                    
00003cc7  __aeabi_memcpy8                    
00003d65  __aeabi_memset                     
00003d65  __aeabi_memset4                    
00003d65  __aeabi_memset8                    
00003f1d  __aeabi_uidiv                      
00003f1d  __aeabi_uidivmod                   
ffffffff  __binit__                          
ffffffff  __c_args__                         
UNDEFED   __mpu_init                         
2000c4d0  __stack                            
00003f5d  _c_int00_noargs                    
UNDEFED   _system_post_cinit                 
00003fe1  _system_pre_init                   
00003fe5  abort                              
ffffffff  binit                              
2000c720  count                              
2000c4a4  count2                             
0000057d  eTaskGetState                      
2000c4a8  g_pTASK1Queue                      
2000c4ac  g_pTASK2Queue                      
2000c4b0  g_pTASK3Queue                      
00000000  g_pfnVectors                       
2000c4b4  g_ui32SysClock                     
2000c4b8  handle1                            
2000c4bc  handle2                            
2000c4c0  handle3                            
2000c4c4  i8Message1                         
2000c4c8  i8Message2                         
00003451  main                               
00003cc7  memcpy                             
00003d6b  memset                             
000026df  pcQueueGetName                     
00000b57  pcTaskGetName                      
00002903  pcTimerGetName                     
000037cd  pvPortMalloc                       
000015e3  pvTaskIncrementMutexHeldCount      
00002ced  pvTimerGetTimerID                  
2000c6d0  pxCurrentTCB                       
00003985  pxPortInitialiseStack              
00002441  ucQueueGetQueueType                
000042f8  ulMaxSyscallInterruptPriority      
00003bfd  ulPortGetIPSR                      
00001601  ulTaskNotifyTake                   
00003ba3  uxListRemove                       
00002421  uxQueueGetQueueNumber              
000023c3  uxQueueMessagesWaiting             
000023f9  uxQueueMessagesWaitingFromISR      
000023d9  uxQueueSpacesAvailable             
00000b51  uxTaskGetNumberOfTasks             
00000b7d  uxTaskGetSystemState               
00001035  uxTaskGetTaskNumber                
00000611  uxTaskPriorityGet                  
00000641  uxTaskPriorityGetFromISR           
000015c1  uxTaskResetEventItemValue          
00002d21  uxTimerGetTimerNumber              
00003ac1  vListInitialise                    
00003af1  vListInitialiseItem                
00003b3d  vListInsert                        
00003b01  vListInsertEnd                     
00003cb9  vPortEnableVFP                     
00003a25  vPortEndScheduler                  
00003a27  vPortEnterCritical                 
00003a47  vPortExitCritical                  
000038c5  vPortFree                          
00003929  vPortInitialiseBlocks              
00003c75  vPortSVCHandler                    
00003a83  vPortSetupTimerInterrupt           
00003c95  vPortStartFirstTask                
0000269d  vQueueAddToRegistry                
0000240b  vQueueDelete                       
0000242f  vQueueSetQueueNumber               
0000271f  vQueueUnregisterQueue              
00002763  vQueueWaitForMessageRestricted     
00000541  vTaskDelay                         
000004b1  vTaskDelayUntil                    
00000403  vTaskDelete                        
00000a19  vTaskEndScheduler                  
0000112d  vTaskGetInfo                       
00000f83  vTaskInternalSetTimeOutState       
00001023  vTaskMissedYield                   
0000191d  vTaskNotifyGiveFromISR             
00000dfd  vTaskPlaceOnEventList              
00000e43  vTaskPlaceOnEventListRestricted    
00000e19  vTaskPlaceOnUnorderedEventList     
000014e9  vTaskPriorityDisinheritAfterTimeout
0000068d  vTaskPrioritySet                   
00000ef9  vTaskRemoveFromUnorderedEventList  
000008b5  vTaskResume                        
00001059  vTaskSetTaskNumber                 
00000f65  vTaskSetTimeOutState               
000009bd  vTaskStartScheduler                
000007a5  vTaskSuspend                       
00000a35  vTaskSuspendAll                    
00000d95  vTaskSwitchContext                 
00002d07  vTimerSetTimerID                   
00002d2f  vTimerSetTimerNumber               
00003923  xPortGetFreeHeapSize               
00003c15  xPortPendSVHandler                 
000039ef  xPortStartScheduler                
00003a5d  xPortSysTickHandler                
00001cc9  xQueueCreateCountingSemaphore      
00001c1d  xQueueCreateMutex                  
00001b63  xQueueGenericCreate                
00001ac5  xQueueGenericReset                 
00001ce9  xQueueGenericSend                  
00001e15  xQueueGenericSendFromISR           
00001eaf  xQueueGiveFromISR                  
00001c49  xQueueGiveMutexRecursive           
00002639  xQueueIsQueueEmptyFromISR          
0000267b  xQueueIsQueueFullFromISR           
000021b7  xQueuePeek                         
00002371  xQueuePeekFromISR                  
00001f41  xQueueReceive                      
000022d9  xQueueReceiveFromISR               
2000c3b4  xQueueRegistry                     
0000205d  xQueueSemaphoreTake                
00001c85  xQueueTakeMutexRecursive           
00000fa5  xTaskCheckForTimeOut               
00000209  xTaskCreate                        
00001723  xTaskGenericNotify                 
0000180d  xTaskGenericNotifyFromISR          
000012ff  xTaskGetCurrentTaskHandle          
00001319  xTaskGetSchedulerState             
00000b2d  xTaskGetTickCount                  
00000b3d  xTaskGetTickCountFromISR           
00000c71  xTaskIncrementTick                 
000019cb  xTaskNotifyStateClear              
00001681  xTaskNotifyWait                    
00001445  xTaskPriorityDisinherit            
00001365  xTaskPriorityInherit               
00000e7d  xTaskRemoveFromEventList           
00000a49  xTaskResumeAll                     
0000092f  xTaskResumeFromISR                 
000027f5  xTimerCreate                       
000027c9  xTimerCreateTimerTask              
00002869  xTimerGenericCommand               
000028ed  xTimerGetExpiryTime                
000028db  xTimerGetPeriod                    
000028d5  xTimerGetTimerDaemonTaskHandle     
00002cc1  xTimerIsTimerActive                


GLOBAL SYMBOLS: SORTED BY Symbol Address 

address   name                               
-------   ----                               
00000000  __TI_static_base__                 
00000000  g_pfnVectors                       
00000200  __STACK_SIZE                       
00000209  xTaskCreate                        
00000403  vTaskDelete                        
000004b1  vTaskDelayUntil                    
00000541  vTaskDelay                         
0000057d  eTaskGetState                      
00000611  uxTaskPriorityGet                  
00000641  uxTaskPriorityGetFromISR           
0000068d  vTaskPrioritySet                   
000007a5  vTaskSuspend                       
000008b5  vTaskResume                        
0000092f  xTaskResumeFromISR                 
000009bd  vTaskStartScheduler                
00000a19  vTaskEndScheduler                  
00000a35  vTaskSuspendAll                    
00000a49  xTaskResumeAll                     
00000b2d  xTaskGetTickCount                  
00000b3d  xTaskGetTickCountFromISR           
00000b51  uxTaskGetNumberOfTasks             
00000b57  pcTaskGetName                      
00000b7d  uxTaskGetSystemState               
00000c71  xTaskIncrementTick                 
00000d95  vTaskSwitchContext                 
00000dfd  vTaskPlaceOnEventList              
00000e19  vTaskPlaceOnUnorderedEventList     
00000e43  vTaskPlaceOnEventListRestricted    
00000e7d  xTaskRemoveFromEventList           
00000ef9  vTaskRemoveFromUnorderedEventList  
00000f65  vTaskSetTimeOutState               
00000f83  vTaskInternalSetTimeOutState       
00000fa5  xTaskCheckForTimeOut               
00001023  vTaskMissedYield                   
00001035  uxTaskGetTaskNumber                
00001059  vTaskSetTaskNumber                 
0000112d  vTaskGetInfo                       
000012ff  xTaskGetCurrentTaskHandle          
00001319  xTaskGetSchedulerState             
00001365  xTaskPriorityInherit               
00001445  xTaskPriorityDisinherit            
000014e9  vTaskPriorityDisinheritAfterTimeout
000015c1  uxTaskResetEventItemValue          
000015e3  pvTaskIncrementMutexHeldCount      
00001601  ulTaskNotifyTake                   
00001681  xTaskNotifyWait                    
00001723  xTaskGenericNotify                 
0000180d  xTaskGenericNotifyFromISR          
0000191d  vTaskNotifyGiveFromISR             
000019cb  xTaskNotifyStateClear              
00001ac5  xQueueGenericReset                 
00001b63  xQueueGenericCreate                
00001c1d  xQueueCreateMutex                  
00001c49  xQueueGiveMutexRecursive           
00001c85  xQueueTakeMutexRecursive           
00001cc9  xQueueCreateCountingSemaphore      
00001ce9  xQueueGenericSend                  
00001e15  xQueueGenericSendFromISR           
00001eaf  xQueueGiveFromISR                  
00001f41  xQueueReceive                      
0000205d  xQueueSemaphoreTake                
000021b7  xQueuePeek                         
000022d9  xQueueReceiveFromISR               
00002371  xQueuePeekFromISR                  
000023c3  uxQueueMessagesWaiting             
000023d9  uxQueueSpacesAvailable             
000023f9  uxQueueMessagesWaitingFromISR      
0000240b  vQueueDelete                       
00002421  uxQueueGetQueueNumber              
0000242f  vQueueSetQueueNumber               
00002441  ucQueueGetQueueType                
00002639  xQueueIsQueueEmptyFromISR          
0000267b  xQueueIsQueueFullFromISR           
0000269d  vQueueAddToRegistry                
000026df  pcQueueGetName                     
0000271f  vQueueUnregisterQueue              
00002763  vQueueWaitForMessageRestricted     
000027c9  xTimerCreateTimerTask              
000027f5  xTimerCreate                       
00002869  xTimerGenericCommand               
000028d5  xTimerGetTimerDaemonTaskHandle     
000028db  xTimerGetPeriod                    
000028ed  xTimerGetExpiryTime                
00002903  pcTimerGetName                     
00002cc1  xTimerIsTimerActive                
00002ced  pvTimerGetTimerID                  
00002d07  vTimerSetTimerID                   
00002d21  uxTimerGetTimerNumber              
00002d2f  vTimerSetTimerNumber               
00002d5d  UARTStdioConfig                    
00002dbd  UARTwrite                          
00002e0f  UARTgets                           
00002ed5  UARTgetc                           
00002f09  UARTvprintf                        
00003203  UARTprintf                         
000032fd  Timer0IntHandler                   
00003337  Task1Init                          
0000336b  Task2Init                          
0000339f  Task3Init                          
000033d3  ConfigureUART                      
00003451  main                               
000035cd  SysCtlClockFreqSet                 
000037cd  pvPortMalloc                       
000038c5  vPortFree                          
00003923  xPortGetFreeHeapSize               
00003929  vPortInitialiseBlocks              
00003985  pxPortInitialiseStack              
000039ef  xPortStartScheduler                
00003a25  vPortEndScheduler                  
00003a27  vPortEnterCritical                 
00003a47  vPortExitCritical                  
00003a5d  xPortSysTickHandler                
00003a83  vPortSetupTimerInterrupt           
00003ac1  vListInitialise                    
00003af1  vListInitialiseItem                
00003b01  vListInsertEnd                     
00003b3d  vListInsert                        
00003ba3  uxListRemove                       
00003beb  __aeabi_idiv0                      
00003beb  __aeabi_ldiv0                      
00003bfd  ulPortGetIPSR                      
00003c15  xPortPendSVHandler                 
00003c75  vPortSVCHandler                    
00003c95  vPortStartFirstTask                
00003cb9  vPortEnableVFP                     
00003cc7  __aeabi_memcpy                     
00003cc7  __aeabi_memcpy4                    
00003cc7  __aeabi_memcpy8                    
00003cc7  memcpy                             
00003d63  __aeabi_memclr                     
00003d63  __aeabi_memclr4                    
00003d63  __aeabi_memclr8                    
00003d65  __aeabi_memset                     
00003d65  __aeabi_memset4                    
00003d65  __aeabi_memset8                    
00003d6b  memset                             
00003ddd  __TI_decompress_lzss               
00003e45  GPIOPinConfigure                   
00003ed9  __TI_auto_init_nobinit_nopinit     
00003f1d  __aeabi_uidiv                      
00003f1d  __aeabi_uidivmod                   
00003f5d  _c_int00_noargs                    
00003fb5  __TI_decompress_none               
00003fc3  __TI_zero_init                     
00003fcf  ResetISR                           
00003fdb  GPIOPinWrite                       
00003fe1  _system_pre_init                   
00003fe5  C$$EXIT                            
00003fe5  abort                              
000042f8  ulMaxSyscallInterruptPriority      
00004310  __TI_Handler_Table_Base            
0000431c  __TI_Handler_Table_Limit           
00004328  __TI_CINIT_Base                    
00004338  __TI_CINIT_Limit                   
2000c3b4  xQueueRegistry                     
2000c4a0  MyTimer                            
2000c4a4  count2                             
2000c4a8  g_pTASK1Queue                      
2000c4ac  g_pTASK2Queue                      
2000c4b0  g_pTASK3Queue                      
2000c4b4  g_ui32SysClock                     
2000c4b8  handle1                            
2000c4bc  handle2                            
2000c4c0  handle3                            
2000c4c4  i8Message1                         
2000c4c8  i8Message2                         
2000c4d0  __stack                            
2000c6d0  __STACK_END                        
2000c6d0  __STACK_TOP                        
2000c6d0  pxCurrentTCB                       
2000c720  count                              
ffffffff  __TI_pprof_out_hndl                
ffffffff  __TI_prof_data_size                
ffffffff  __TI_prof_data_start               
ffffffff  __binit__                          
ffffffff  __c_args__                         
ffffffff  binit                              
UNDEFED   __mpu_init                         
UNDEFED   _system_post_cinit                 

[179 symbols]
