******************************************************************************
                  TI ARM Linker PC v18.1.1                     
******************************************************************************
>> Linked Sun Apr  8 20:11:22 2018

OUTPUT FILE NAME:   <hw5_q2.out>
ENTRY POINT SYMBOL: "_c_int00_noargs"  address: 00000fd5


MEMORY CONFIGURATION

         name            origin    length      used     unused   attr    fill
----------------------  --------  ---------  --------  --------  ----  --------
  FLASH                 00000000   00100000  000013d2  000fec2e  R  X
  SRAM                  20000000   00040000  0000020d  0003fdf3  RW X


SEGMENT ALLOCATION MAP

run origin  load origin   length   init length attrs members
----------  ----------- ---------- ----------- ----- -------
00000000    00000000    000013d8   000013d8    r-x
  00000000    00000000    00000208   00000208    r-- .intvecs
  00000208    00000208    00000e86   00000e86    r-x .text
  00001090    00001090    00000314   00000314    r-- .const
  000013a8    000013a8    00000030   00000030    r-- .cinit
20000000    20000000    0000020d   00000000    rw-
  20000000    20000000    00000200   00000000    rw- .stack
  20000200    20000200    00000008   00000000    rw- .bss
  20000208    20000208    00000005   00000000    rw- .data


SECTION ALLOCATION MAP

 output                                  attributes/
section   page    origin      length       input sections
--------  ----  ----------  ----------   ----------------
.intvecs   0    00000000    00000208     
                  00000000    00000208     tm4c1294ncpdt_startup_ccs.obj (.intvecs)

.text      0    00000208    00000e86     
                  00000208    000004dc     uartstdio.obj (.text)
                  000006e4    00000200     driverlib.lib : sysctl.obj (.text:SysCtlClockFreqSet)
                  000008e4    00000188     main.obj (.text)
                  00000a6c    00000118     driverlib.lib : sysctl.obj (.text:SysCtlClockGet)
                  00000b84    000000fc     rtsv7M4_T_le_v4SPD16_eabi.lib : fd_mul_t2.asm.obj (.text)
                  00000c80    000000f4     driverlib.lib : sysctl.obj (.text:SysCtlClockSet)
                  00000d74    0000009c     rtsv7M4_T_le_v4SPD16_eabi.lib : memcpy_t2.asm.obj (.text)
                  00000e10    00000068                                   : copy_decompress_lzss.c.obj (.text:decompress:lzss:__TI_decompress_lzss)
                  00000e78    0000004c     driverlib.lib : gpio.obj (.text:GPIOPinConfigure)
                  00000ec4    00000048                   : sysctl.obj (.text:_SysCtlFrequencyGet)
                  00000f0c    00000044     rtsv7M4_T_le_v4SPD16_eabi.lib : autoinit.c.obj (.text:__TI_auto_init_nobinit_nopinit:__TI_auto_init_nobinit_nopinit)
                  00000f50    00000044                                   : fd_tou_t2.asm.obj (.text)
                  00000f94    00000040                                   : u_divt2.asm.obj (.text)
                  00000fd4    00000038                                   : boot_cortex_m.c.obj (.text:_c_int00_noargs:_c_int00_noargs)
                  0000100c    00000020     driverlib.lib : sysctl.obj (.text:_SysCtlMemTimingGet)
                  0000102c    00000020     rtsv7M4_T_le_v4SPD16_eabi.lib : u_tofd_t2.asm.obj (.text)
                  0000104c    00000012                                   : copy_zero_init.c.obj (.text:decompress:ZI:__TI_zero_init_nomemset:__TI_zero_init_nomemset)
                  0000105e    0000000e                                   : copy_decompress_none.c.obj (.text:decompress:none:__TI_decompress_none)
                  0000106c    0000000c     tm4c1294ncpdt_startup_ccs.obj (.text)
                  00001078    00000006     driverlib.lib : gpio.obj (.text:GPIOPinWrite)
                  0000107e    00000006                   : sysctl.obj (.text:SysCtlDelay)
                  00001084    00000004     rtsv7M4_T_le_v4SPD16_eabi.lib : pre_init.c.obj (.text:_system_pre_init)
                  00001088    00000004                                   : exit.c.obj (.text:abort:abort)
                  0000108c    00000002                                   : div0.asm.obj (.text)

.const     0    00001090    00000314     
                  00001090    000001b0     driverlib.lib : sysctl.obj (.const:g_pppui32XTALtoVCO)
                  00001240    00000090                   : gpio.obj (.const:g_pui32GPIOBaseAddrs)
                  000012d0    0000006c                   : sysctl.obj (.const:g_pui32Xtals)
                  0000133c    00000030                   : sysctl.obj (.const:g_sXTALtoMEMTIM)
                  0000136c    00000012     uartstdio.obj (.const:.string)
                  0000137e    00000002     --HOLE-- [fill = 0]
                  00001380    0000000c     uartstdio.obj (.const:g_ui32UARTBase)
                  0000138c    0000000c     uartstdio.obj (.const:g_ui32UARTPeriph)
                  00001398    00000008     driverlib.lib : sysctl.obj (.const:g_pui32VCOFrequencies)
                  000013a0    00000004     uartstdio.obj (.const)

.cinit     0    000013a8    00000030     
                  000013a8    0000000c     (__TI_handler_table)
                  000013b4    00000004     --HOLE-- [fill = 0]
                  000013b8    00000008     (.cinit..bss.load) [load image, compression = zero_init]
                  000013c0    00000007     (.cinit..data.load) [load image, compression = lzss]
                  000013c7    00000001     --HOLE-- [fill = 0]
                  000013c8    00000010     (__TI_cinit_table)

.init_array 
*          0    00000000    00000000     UNINITIALIZED

.bss       0    20000200    00000008     UNINITIALIZED
                  20000200    00000004     (.common:count)
                  20000204    00000004     (.common:g_ui32SysClock)

.data      0    20000208    00000005     UNINITIALIZED
                  20000208    00000005     uartstdio.obj (.data)

.stack     0    20000000    00000200     UNINITIALIZED
                  20000000    00000004     rtsv7M4_T_le_v4SPD16_eabi.lib : boot_cortex_m.c.obj (.stack)
                  20000004    000001fc     --HOLE--

MODULE SUMMARY

       Module                          code   ro data   rw data
       ------                          ----   -------   -------
    .\
       tm4c1294ncpdt_startup_ccs.obj   12     520       0      
       main.obj                        392    0         8      
    +--+-------------------------------+------+---------+---------+
       Total:                          404    520       8      
                                                               
    .\utilities\
       uartstdio.obj                   1244   46        5      
    +--+-------------------------------+------+---------+---------+
       Total:                          1244   46        5      
                                                               
    C:/ti/TivaWare_C_Series-2.1.4.178/driverlib/ccs/Debug/driverlib.lib
       sysctl.obj                      1146   596       0      
       gpio.obj                        82     144       0      
    +--+-------------------------------+------+---------+---------+
       Total:                          1228   740       0      
                                                               
    C:\ti\ccsv8\tools\compiler\ti-cgt-arm_18.1.1.LTS\lib\rtsv7M4_T_le_v4SPD16_eabi.lib
       fd_mul_t2.asm.obj               252    0         0      
       memcpy_t2.asm.obj               156    0         0      
       copy_decompress_lzss.c.obj      104    0         0      
       autoinit.c.obj                  68     0         0      
       fd_tou_t2.asm.obj               68     0         0      
       u_divt2.asm.obj                 64     0         0      
       boot_cortex_m.c.obj             56     0         0      
       u_tofd_t2.asm.obj               32     0         0      
       copy_zero_init.c.obj            18     0         0      
       copy_decompress_none.c.obj      14     0         0      
       exit.c.obj                      4      0         0      
       pre_init.c.obj                  4      0         0      
       div0.asm.obj                    2      0         0      
    +--+-------------------------------+------+---------+---------+
       Total:                          842    0         0      
                                                               
       Stack:                          0      0         512    
       Linker Generated:               0      43        0      
    +--+-------------------------------+------+---------+---------+
       Grand Total:                    3718   1349      525    


LINKER GENERATED COPY TABLES

__TI_cinit_table @ 000013c8 records: 2, size/record: 8, table size: 16
	.bss: load addr=000013b8, load size=00000008 bytes, run addr=20000200, run size=00000008 bytes, compression=zero_init
	.data: load addr=000013c0, load size=00000007 bytes, run addr=20000208, run size=00000005 bytes, compression=lzss


LINKER GENERATED HANDLER TABLE

__TI_handler_table @ 000013a8 records: 3, size/record: 4, table size: 12
	index: 0, handler: __TI_decompress_lzss
	index: 1, handler: __TI_decompress_none
	index: 2, handler: __TI_zero_init


GLOBAL SYMBOLS: SORTED ALPHABETICALLY BY Name 

address   name                          
-------   ----                          
00001089  C$$EXIT                       
00000e79  GPIOPinConfigure              
00001079  GPIOPinWrite                  
0000106d  ResetISR                      
000006e5  SysCtlClockFreqSet            
00000a6d  SysCtlClockGet                
00000c81  SysCtlClockSet                
0000107f  SysCtlDelay                   
000008e5  UARTSend                      
00000209  UARTStdioConfig               
00000381  UARTgetc                      
000002bb  UARTgets                      
000006af  UARTprintf                    
000003b5  UARTvprintf                   
00000269  UARTwrite                     
20000200  __STACK_END                   
00000200  __STACK_SIZE                  
20000200  __STACK_TOP                   
000013c8  __TI_CINIT_Base               
000013d8  __TI_CINIT_Limit              
000013a8  __TI_Handler_Table_Base       
000013b4  __TI_Handler_Table_Limit      
00000f0d  __TI_auto_init_nobinit_nopinit
00000e11  __TI_decompress_lzss          
0000105f  __TI_decompress_none          
ffffffff  __TI_pprof_out_hndl           
ffffffff  __TI_prof_data_size           
ffffffff  __TI_prof_data_start          
00000000  __TI_static_base__            
0000104d  __TI_zero_init_nomemset       
00000f51  __aeabi_d2uiz                 
00000b85  __aeabi_dmul                  
0000108d  __aeabi_idiv0                 
0000108d  __aeabi_ldiv0                 
00000d75  __aeabi_memcpy                
00000d75  __aeabi_memcpy4               
00000d75  __aeabi_memcpy8               
0000102d  __aeabi_ui2d                  
00000f95  __aeabi_uidiv                 
00000f95  __aeabi_uidivmod              
ffffffff  __binit__                     
ffffffff  __c_args__                    
UNDEFED   __mpu_init                    
20000000  __stack                       
00000fd5  _c_int00_noargs               
UNDEFED   _system_post_cinit            
00001085  _system_pre_init              
00001089  abort                         
ffffffff  binit                         
20000200  count                         
00000000  g_pfnVectors                  
20000204  g_ui32SysClock                
00000913  main                          
00000d75  memcpy                        


GLOBAL SYMBOLS: SORTED BY Symbol Address 

address   name                          
-------   ----                          
00000000  __TI_static_base__            
00000000  g_pfnVectors                  
00000200  __STACK_SIZE                  
00000209  UARTStdioConfig               
00000269  UARTwrite                     
000002bb  UARTgets                      
00000381  UARTgetc                      
000003b5  UARTvprintf                   
000006af  UARTprintf                    
000006e5  SysCtlClockFreqSet            
000008e5  UARTSend                      
00000913  main                          
00000a6d  SysCtlClockGet                
00000b85  __aeabi_dmul                  
00000c81  SysCtlClockSet                
00000d75  __aeabi_memcpy                
00000d75  __aeabi_memcpy4               
00000d75  __aeabi_memcpy8               
00000d75  memcpy                        
00000e11  __TI_decompress_lzss          
00000e79  GPIOPinConfigure              
00000f0d  __TI_auto_init_nobinit_nopinit
00000f51  __aeabi_d2uiz                 
00000f95  __aeabi_uidiv                 
00000f95  __aeabi_uidivmod              
00000fd5  _c_int00_noargs               
0000102d  __aeabi_ui2d                  
0000104d  __TI_zero_init_nomemset       
0000105f  __TI_decompress_none          
0000106d  ResetISR                      
00001079  GPIOPinWrite                  
0000107f  SysCtlDelay                   
00001085  _system_pre_init              
00001089  C$$EXIT                       
00001089  abort                         
0000108d  __aeabi_idiv0                 
0000108d  __aeabi_ldiv0                 
000013a8  __TI_Handler_Table_Base       
000013b4  __TI_Handler_Table_Limit      
000013c8  __TI_CINIT_Base               
000013d8  __TI_CINIT_Limit              
20000000  __stack                       
20000200  __STACK_END                   
20000200  __STACK_TOP                   
20000200  count                         
20000204  g_ui32SysClock                
ffffffff  __TI_pprof_out_hndl           
ffffffff  __TI_prof_data_size           
ffffffff  __TI_prof_data_start          
ffffffff  __binit__                     
ffffffff  __c_args__                    
ffffffff  binit                         
UNDEFED   __mpu_init                    
UNDEFED   _system_post_cinit            

[54 symbols]
