******************************************************************************
                  TI ARM Linker PC v18.1.1                     
******************************************************************************
>> Linked Sun Apr  8 12:35:39 2018

OUTPUT FILE NAME:   <hw5_q2.out>
ENTRY POINT SYMBOL: "_c_int00_noargs"  address: 00000f81


MEMORY CONFIGURATION

         name            origin    length      used     unused   attr    fill
----------------------  --------  ---------  --------  --------  ----  --------
  FLASH                 00000000   00100000  0000137e  000fec82  R  X
  SRAM                  20000000   00040000  00000209  0003fdf7  RW X


SEGMENT ALLOCATION MAP

run origin  load origin   length   init length attrs members
----------  ----------- ---------- ----------- ----- -------
00000000    00000000    00001380   00001380    r-x
  00000000    00000000    00000208   00000208    r-- .intvecs
  00000208    00000208    00000e32   00000e32    r-x .text
  0000103c    0000103c    00000314   00000314    r-- .const
  00001350    00001350    00000030   00000030    r-- .cinit
20000000    20000000    0000020c   00000000    rw-
  20000000    20000000    00000200   00000000    rw- .stack
  20000200    20000200    00000005   00000000    rw- .data
  20000208    20000208    00000004   00000000    rw- .bss


SECTION ALLOCATION MAP

 output                                  attributes/
section   page    origin      length       input sections
--------  ----  ----------  ----------   ----------------
.intvecs   0    00000000    00000208     
                  00000000    00000208     tm4c1294ncpdt_startup_ccs.obj (.intvecs)

.text      0    00000208    00000e32     
                  00000208    000004dc     uartstdio.obj (.text)
                  000006e4    00000200     driverlib.lib : sysctl.obj (.text:SysCtlClockFreqSet)
                  000008e4    00000134     main.obj (.text)
                  00000a18    00000118     driverlib.lib : sysctl.obj (.text:SysCtlClockGet)
                  00000b30    000000fc     rtsv7M4_T_le_v4SPD16_eabi.lib : fd_mul_t2.asm.obj (.text)
                  00000c2c    000000f4     driverlib.lib : sysctl.obj (.text:SysCtlClockSet)
                  00000d20    0000009c     rtsv7M4_T_le_v4SPD16_eabi.lib : memcpy_t2.asm.obj (.text)
                  00000dbc    00000068                                   : copy_decompress_lzss.c.obj (.text:decompress:lzss:__TI_decompress_lzss)
                  00000e24    0000004c     driverlib.lib : gpio.obj (.text:GPIOPinConfigure)
                  00000e70    00000048                   : sysctl.obj (.text:_SysCtlFrequencyGet)
                  00000eb8    00000044     rtsv7M4_T_le_v4SPD16_eabi.lib : autoinit.c.obj (.text:__TI_auto_init_nobinit_nopinit:__TI_auto_init_nobinit_nopinit)
                  00000efc    00000044                                   : fd_tou_t2.asm.obj (.text)
                  00000f40    00000040                                   : u_divt2.asm.obj (.text)
                  00000f80    00000038                                   : boot_cortex_m.c.obj (.text:_c_int00_noargs:_c_int00_noargs)
                  00000fb8    00000020     driverlib.lib : sysctl.obj (.text:_SysCtlMemTimingGet)
                  00000fd8    00000020     rtsv7M4_T_le_v4SPD16_eabi.lib : u_tofd_t2.asm.obj (.text)
                  00000ff8    00000012                                   : copy_zero_init.c.obj (.text:decompress:ZI:__TI_zero_init_nomemset:__TI_zero_init_nomemset)
                  0000100a    0000000e                                   : copy_decompress_none.c.obj (.text:decompress:none:__TI_decompress_none)
                  00001018    0000000c     tm4c1294ncpdt_startup_ccs.obj (.text)
                  00001024    00000006     driverlib.lib : gpio.obj (.text:GPIOPinWrite)
                  0000102a    00000006                   : sysctl.obj (.text:SysCtlDelay)
                  00001030    00000004     rtsv7M4_T_le_v4SPD16_eabi.lib : pre_init.c.obj (.text:_system_pre_init)
                  00001034    00000004                                   : exit.c.obj (.text:abort:abort)
                  00001038    00000002                                   : div0.asm.obj (.text)

.const     0    0000103c    00000314     
                  0000103c    000001b0     driverlib.lib : sysctl.obj (.const:g_pppui32XTALtoVCO)
                  000011ec    00000090                   : gpio.obj (.const:g_pui32GPIOBaseAddrs)
                  0000127c    0000006c                   : sysctl.obj (.const:g_pui32Xtals)
                  000012e8    00000030                   : sysctl.obj (.const:g_sXTALtoMEMTIM)
                  00001318    00000012     uartstdio.obj (.const:.string)
                  0000132a    00000002     --HOLE-- [fill = 0]
                  0000132c    0000000c     uartstdio.obj (.const:g_ui32UARTBase)
                  00001338    0000000c     uartstdio.obj (.const:g_ui32UARTPeriph)
                  00001344    00000008     driverlib.lib : sysctl.obj (.const:g_pui32VCOFrequencies)
                  0000134c    00000004     uartstdio.obj (.const)

.cinit     0    00001350    00000030     
                  00001350    0000000c     (__TI_handler_table)
                  0000135c    00000004     --HOLE-- [fill = 0]
                  00001360    00000008     (.cinit..bss.load) [load image, compression = zero_init]
                  00001368    00000007     (.cinit..data.load) [load image, compression = lzss]
                  0000136f    00000001     --HOLE-- [fill = 0]
                  00001370    00000010     (__TI_cinit_table)

.init_array 
*          0    00000000    00000000     UNINITIALIZED

.data      0    20000200    00000005     UNINITIALIZED
                  20000200    00000005     uartstdio.obj (.data)

.bss       0    20000208    00000004     UNINITIALIZED
                  20000208    00000004     (.common:g_ui32SysClock)

.stack     0    20000000    00000200     UNINITIALIZED
                  20000000    00000004     rtsv7M4_T_le_v4SPD16_eabi.lib : boot_cortex_m.c.obj (.stack)
                  20000004    000001fc     --HOLE--

MODULE SUMMARY

       Module                          code   ro data   rw data
       ------                          ----   -------   -------
    .\
       tm4c1294ncpdt_startup_ccs.obj   12     520       0      
       main.obj                        308    0         4      
    +--+-------------------------------+------+---------+---------+
       Total:                          320    520       4      
                                                               
    .\utilities\
       uartstdio.obj                   1244   46        5      
    +--+-------------------------------+------+---------+---------+
       Total:                          1244   46        5      
                                                               
    C:/ti/TivaWare_C_Series-2.1.4.178/driverlib/ccs/Debug/driverlib.lib
       sysctl.obj                      1146   596       0      
       gpio.obj                        82     144       0      
    +--+-------------------------------+------+---------+---------+
       Total:                          1228   740       0      
                                                               
    C:\ti\ccsv8\tools\compiler\ti-cgt-arm_18.1.1.LTS\lib\rtsv7M4_T_le_v4SPD16_eabi.lib
       fd_mul_t2.asm.obj               252    0         0      
       memcpy_t2.asm.obj               156    0         0      
       copy_decompress_lzss.c.obj      104    0         0      
       autoinit.c.obj                  68     0         0      
       fd_tou_t2.asm.obj               68     0         0      
       u_divt2.asm.obj                 64     0         0      
       boot_cortex_m.c.obj             56     0         0      
       u_tofd_t2.asm.obj               32     0         0      
       copy_zero_init.c.obj            18     0         0      
       copy_decompress_none.c.obj      14     0         0      
       exit.c.obj                      4      0         0      
       pre_init.c.obj                  4      0         0      
       div0.asm.obj                    2      0         0      
    +--+-------------------------------+------+---------+---------+
       Total:                          842    0         0      
                                                               
       Stack:                          0      0         512    
       Linker Generated:               0      43        0      
    +--+-------------------------------+------+---------+---------+
       Grand Total:                    3634   1349      521    


LINKER GENERATED COPY TABLES

__TI_cinit_table @ 00001370 records: 2, size/record: 8, table size: 16
	.bss: load addr=00001360, load size=00000008 bytes, run addr=20000208, run size=00000004 bytes, compression=zero_init
	.data: load addr=00001368, load size=00000007 bytes, run addr=20000200, run size=00000005 bytes, compression=lzss


LINKER GENERATED HANDLER TABLE

__TI_handler_table @ 00001350 records: 3, size/record: 4, table size: 12
	index: 0, handler: __TI_decompress_lzss
	index: 1, handler: __TI_decompress_none
	index: 2, handler: __TI_zero_init


GLOBAL SYMBOLS: SORTED ALPHABETICALLY BY Name 

address   name                          
-------   ----                          
00001035  C$$EXIT                       
00000e25  GPIOPinConfigure              
00001025  GPIOPinWrite                  
00001019  ResetISR                      
000006e5  SysCtlClockFreqSet            
00000a19  SysCtlClockGet                
00000c2d  SysCtlClockSet                
0000102b  SysCtlDelay                   
000008e5  UARTSend                      
00000209  UARTStdioConfig               
00000381  UARTgetc                      
000002bb  UARTgets                      
000006af  UARTprintf                    
000003b5  UARTvprintf                   
00000269  UARTwrite                     
20000200  __STACK_END                   
00000200  __STACK_SIZE                  
20000200  __STACK_TOP                   
00001370  __TI_CINIT_Base               
00001380  __TI_CINIT_Limit              
00001350  __TI_Handler_Table_Base       
0000135c  __TI_Handler_Table_Limit      
00000eb9  __TI_auto_init_nobinit_nopinit
00000dbd  __TI_decompress_lzss          
0000100b  __TI_decompress_none          
ffffffff  __TI_pprof_out_hndl           
ffffffff  __TI_prof_data_size           
ffffffff  __TI_prof_data_start          
00000000  __TI_static_base__            
00000ff9  __TI_zero_init_nomemset       
00000efd  __aeabi_d2uiz                 
00000b31  __aeabi_dmul                  
00001039  __aeabi_idiv0                 
00001039  __aeabi_ldiv0                 
00000d21  __aeabi_memcpy                
00000d21  __aeabi_memcpy4               
00000d21  __aeabi_memcpy8               
00000fd9  __aeabi_ui2d                  
00000f41  __aeabi_uidiv                 
00000f41  __aeabi_uidivmod              
ffffffff  __binit__                     
ffffffff  __c_args__                    
UNDEFED   __mpu_init                    
20000000  __stack                       
00000f81  _c_int00_noargs               
UNDEFED   _system_post_cinit            
00001031  _system_pre_init              
00001035  abort                         
ffffffff  binit                         
00000000  g_pfnVectors                  
20000208  g_ui32SysClock                
00000913  main                          
00000d21  memcpy                        


GLOBAL SYMBOLS: SORTED BY Symbol Address 

address   name                          
-------   ----                          
00000000  __TI_static_base__            
00000000  g_pfnVectors                  
00000200  __STACK_SIZE                  
00000209  UARTStdioConfig               
00000269  UARTwrite                     
000002bb  UARTgets                      
00000381  UARTgetc                      
000003b5  UARTvprintf                   
000006af  UARTprintf                    
000006e5  SysCtlClockFreqSet            
000008e5  UARTSend                      
00000913  main                          
00000a19  SysCtlClockGet                
00000b31  __aeabi_dmul                  
00000c2d  SysCtlClockSet                
00000d21  __aeabi_memcpy                
00000d21  __aeabi_memcpy4               
00000d21  __aeabi_memcpy8               
00000d21  memcpy                        
00000dbd  __TI_decompress_lzss          
00000e25  GPIOPinConfigure              
00000eb9  __TI_auto_init_nobinit_nopinit
00000efd  __aeabi_d2uiz                 
00000f41  __aeabi_uidiv                 
00000f41  __aeabi_uidivmod              
00000f81  _c_int00_noargs               
00000fd9  __aeabi_ui2d                  
00000ff9  __TI_zero_init_nomemset       
0000100b  __TI_decompress_none          
00001019  ResetISR                      
00001025  GPIOPinWrite                  
0000102b  SysCtlDelay                   
00001031  _system_pre_init              
00001035  C$$EXIT                       
00001035  abort                         
00001039  __aeabi_idiv0                 
00001039  __aeabi_ldiv0                 
00001350  __TI_Handler_Table_Base       
0000135c  __TI_Handler_Table_Limit      
00001370  __TI_CINIT_Base               
00001380  __TI_CINIT_Limit              
20000000  __stack                       
20000200  __STACK_END                   
20000200  __STACK_TOP                   
20000208  g_ui32SysClock                
ffffffff  __TI_pprof_out_hndl           
ffffffff  __TI_prof_data_size           
ffffffff  __TI_prof_data_start          
ffffffff  __binit__                     
ffffffff  __c_args__                    
ffffffff  binit                         
UNDEFED   __mpu_init                    
UNDEFED   _system_post_cinit            

[53 symbols]
