******************************************************************************
                  TI ARM Linker PC v18.1.1                     
******************************************************************************
>> Linked Sat Apr  7 17:27:05 2018

OUTPUT FILE NAME:   <praveen.out>
ENTRY POINT SYMBOL: "_c_int00_noargs"  address: 00000fe5


MEMORY CONFIGURATION

         name            origin    length      used     unused   attr    fill
----------------------  --------  ---------  --------  --------  ----  --------
  FLASH                 00000000   00100000  0000147a  000feb86  R  X
  SRAM                  20000000   00040000  0000047c  0003fb84  RW X


SEGMENT ALLOCATION MAP

run origin  load origin   length   init length attrs members
----------  ----------- ---------- ----------- ----- -------
00000000    00000000    00001480   00001480    r-x
  00000000    00000000    00000208   00000208    r-- .intvecs
  00000208    00000208    00000f1e   00000f1e    r-x .text
  00001128    00001128    00000314   00000314    r-- .const
  00001440    00001440    00000040   00000040    r-- .cinit
20000000    20000000    0000047c   00000000    rw-
  20000000    20000000    0000026c   00000000    rw- .vtable
  2000026c    2000026c    00000004   00000000    rw- .bss
  20000270    20000270    00000200   00000000    rw- .stack
  20000470    20000470    0000000c   00000000    rw- .data


SECTION ALLOCATION MAP

 output                                  attributes/
section   page    origin      length       input sections
--------  ----  ----------  ----------   ----------------
.intvecs   0    00000000    00000208     
                  00000000    00000208     tm4c1294ncpdt_startup_ccs.obj (.intvecs)

.text      0    00000208    00000f1e     
                  00000208    000004dc     uartstdio.obj (.text)
                  000006e4    00000200     driverlib.lib : sysctl.obj (.text:SysCtlClockFreqSet)
                  000008e4    000001a0     main.obj (.text)
                  00000a84    00000136     rtsv7M4_T_le_v4SPD16_eabi.lib : fd_div_t2.asm.obj (.text)
                  00000bba    00000002                                   : div0.asm.obj (.text)
                  00000bbc    00000118     driverlib.lib : sysctl.obj (.text:SysCtlClockGet)
                  00000cd4    000000f4                   : sysctl.obj (.text:SysCtlClockSet)
                  00000dc8    0000009c     rtsv7M4_T_le_v4SPD16_eabi.lib : memcpy_t2.asm.obj (.text)
                  00000e64    00000068                                   : copy_decompress_lzss.c.obj (.text:decompress:lzss:__TI_decompress_lzss)
                  00000ecc    0000004c     driverlib.lib : gpio.obj (.text:GPIOPinConfigure)
                  00000f18    00000048                   : sysctl.obj (.text:_SysCtlFrequencyGet)
                  00000f60    00000044     rtsv7M4_T_le_v4SPD16_eabi.lib : autoinit.c.obj (.text:__TI_auto_init_nobinit_nopinit:__TI_auto_init_nobinit_nopinit)
                  00000fa4    00000040                                   : u_divt2.asm.obj (.text)
                  00000fe4    00000038                                   : boot_cortex_m.c.obj (.text:_c_int00_noargs:_c_int00_noargs)
                  0000101c    00000034     driverlib.lib : interrupt.obj (.text:IntRegister)
                  00001050    00000020                   : sysctl.obj (.text:_SysCtlMemTimingGet)
                  00001070    00000020     rtsv7M4_T_le_v4SPD16_eabi.lib : u_tofd_t2.asm.obj (.text)
                  00001090    0000001c     driverlib.lib : systick.obj (.text:SysTickIntRegister)
                  000010ac    00000014                   : systick.obj (.text:SysTickEnable)
                  000010c0    00000014                   : systick.obj (.text:SysTickIntEnable)
                  000010d4    00000012     rtsv7M4_T_le_v4SPD16_eabi.lib : copy_zero_init.c.obj (.text:decompress:ZI:__TI_zero_init_nomemset:__TI_zero_init_nomemset)
                  000010e6    00000002     --HOLE-- [fill = 0]
                  000010e8    00000010     driverlib.lib : systick.obj (.text:SysTickPeriodSet)
                  000010f8    0000000e     rtsv7M4_T_le_v4SPD16_eabi.lib : copy_decompress_none.c.obj (.text:decompress:none:__TI_decompress_none)
                  00001106    0000000c     tm4c1294ncpdt_startup_ccs.obj (.text)
                  00001112    00000006     driverlib.lib : gpio.obj (.text:GPIOPinWrite)
                  00001118    00000006                   : sysctl.obj (.text:SysCtlDelay)
                  0000111e    00000004     rtsv7M4_T_le_v4SPD16_eabi.lib : pre_init.c.obj (.text:_system_pre_init)
                  00001122    00000004                                   : exit.c.obj (.text:abort:abort)

.const     0    00001128    00000314     
                  00001128    000001b0     driverlib.lib : sysctl.obj (.const:g_pppui32XTALtoVCO)
                  000012d8    00000090                   : gpio.obj (.const:g_pui32GPIOBaseAddrs)
                  00001368    0000006c                   : sysctl.obj (.const:g_pui32Xtals)
                  000013d4    00000030                   : sysctl.obj (.const:g_sXTALtoMEMTIM)
                  00001404    00000012     uartstdio.obj (.const:.string)
                  00001416    00000002     --HOLE-- [fill = 0]
                  00001418    0000000c     uartstdio.obj (.const:g_ui32UARTBase)
                  00001424    0000000c     uartstdio.obj (.const:g_ui32UARTPeriph)
                  00001430    00000008     driverlib.lib : sysctl.obj (.const:g_pui32VCOFrequencies)
                  00001438    00000004     uartstdio.obj (.const)

.cinit     0    00001440    00000040     
                  00001440    0000000c     (__TI_handler_table)
                  0000144c    00000004     --HOLE-- [fill = 0]
                  00001450    00000008     (.cinit..bss.load) [load image, compression = zero_init]
                  00001458    00000008     (.cinit..vtable.load) [load image, compression = zero_init]
                  00001460    00000007     (.cinit..data.load) [load image, compression = lzss]
                  00001467    00000001     --HOLE-- [fill = 0]
                  00001468    00000018     (__TI_cinit_table)

.init_array 
*          0    00000000    00000000     UNINITIALIZED

.vtable    0    20000000    0000026c     UNINITIALIZED
                  20000000    0000026c     driverlib.lib : interrupt.obj (.vtable)

.bss       0    2000026c    00000004     UNINITIALIZED
                  2000026c    00000004     (.common:g_ui32SysClock)

.data      0    20000470    0000000c     UNINITIALIZED
                  20000470    00000005     uartstdio.obj (.data)
                  20000475    00000003     --HOLE--
                  20000478    00000004     main.obj (.data)

.stack     0    20000270    00000200     UNINITIALIZED
                  20000270    00000004     rtsv7M4_T_le_v4SPD16_eabi.lib : boot_cortex_m.c.obj (.stack)
                  20000274    000001fc     --HOLE--

MODULE SUMMARY

       Module                          code   ro data   rw data
       ------                          ----   -------   -------
    .\
       tm4c1294ncpdt_startup_ccs.obj   12     520       0      
       main.obj                        416    0         8      
    +--+-------------------------------+------+---------+---------+
       Total:                          428    520       8      
                                                               
    .\utilities\
       uartstdio.obj                   1244   46        5      
    +--+-------------------------------+------+---------+---------+
       Total:                          1244   46        5      
                                                               
    C:/ti/TivaWare_C_Series-2.1.4.178/driverlib/ccs/Debug/driverlib.lib
       sysctl.obj                      1146   596       0      
       interrupt.obj                   52     0         620    
       gpio.obj                        82     144       0      
       systick.obj                     84     0         0      
    +--+-------------------------------+------+---------+---------+
       Total:                          1364   740       620    
                                                               
    C:\ti\ccsv8\tools\compiler\ti-cgt-arm_18.1.1.LTS\lib\rtsv7M4_T_le_v4SPD16_eabi.lib
       fd_div_t2.asm.obj               310    0         0      
       memcpy_t2.asm.obj               156    0         0      
       copy_decompress_lzss.c.obj      104    0         0      
       autoinit.c.obj                  68     0         0      
       u_divt2.asm.obj                 64     0         0      
       boot_cortex_m.c.obj             56     0         0      
       u_tofd_t2.asm.obj               32     0         0      
       copy_zero_init.c.obj            18     0         0      
       copy_decompress_none.c.obj      14     0         0      
       exit.c.obj                      4      0         0      
       pre_init.c.obj                  4      0         0      
       div0.asm.obj                    2      0         0      
    +--+-------------------------------+------+---------+---------+
       Total:                          832    0         0      
                                                               
       Stack:                          0      0         512    
       Linker Generated:               0      59        0      
    +--+-------------------------------+------+---------+---------+
       Grand Total:                    3868   1365      1145   


LINKER GENERATED COPY TABLES

__TI_cinit_table @ 00001468 records: 3, size/record: 8, table size: 24
	.bss: load addr=00001450, load size=00000008 bytes, run addr=2000026c, run size=00000004 bytes, compression=zero_init
	.vtable: load addr=00001458, load size=00000008 bytes, run addr=20000000, run size=0000026c bytes, compression=zero_init
	.data: load addr=00001460, load size=00000007 bytes, run addr=20000470, run size=0000000c bytes, compression=lzss


LINKER GENERATED HANDLER TABLE

__TI_handler_table @ 00001440 records: 3, size/record: 4, table size: 12
	index: 0, handler: __TI_zero_init
	index: 1, handler: __TI_decompress_lzss
	index: 2, handler: __TI_decompress_none


GLOBAL SYMBOLS: SORTED ALPHABETICALLY BY Name 

address   name                          
-------   ----                          
00001123  C$$EXIT                       
00000ecd  GPIOPinConfigure              
00001113  GPIOPinWrite                  
0000101d  IntRegister                   
00001107  ResetISR                      
00000913  SycTickInt                    
000006e5  SysCtlClockFreqSet            
00000bbd  SysCtlClockGet                
00000cd5  SysCtlClockSet                
00001119  SysCtlDelay                   
000010ad  SysTickEnable                 
000010c1  SysTickIntEnable              
00001091  SysTickIntRegister            
000010e9  SysTickPeriodSet              
00000947  SysTickbegin                  
000008e5  UARTSend                      
00000209  UARTStdioConfig               
00000381  UARTgetc                      
000002bb  UARTgets                      
000006af  UARTprintf                    
000003b5  UARTvprintf                   
00000269  UARTwrite                     
00000971  Wait                          
20000470  __STACK_END                   
00000200  __STACK_SIZE                  
20000470  __STACK_TOP                   
00001468  __TI_CINIT_Base               
00001480  __TI_CINIT_Limit              
00001440  __TI_Handler_Table_Base       
0000144c  __TI_Handler_Table_Limit      
00000f61  __TI_auto_init_nobinit_nopinit
00000e65  __TI_decompress_lzss          
000010f9  __TI_decompress_none          
ffffffff  __TI_pprof_out_hndl           
ffffffff  __TI_prof_data_size           
ffffffff  __TI_prof_data_start          
00000000  __TI_static_base__            
000010d5  __TI_zero_init_nomemset       
00000a85  __aeabi_ddiv                  
00000bbb  __aeabi_idiv0                 
00000bbb  __aeabi_ldiv0                 
00000dc9  __aeabi_memcpy                
00000dc9  __aeabi_memcpy4               
00000dc9  __aeabi_memcpy8               
00001071  __aeabi_ui2d                  
00000fa5  __aeabi_uidiv                 
00000fa5  __aeabi_uidivmod              
ffffffff  __binit__                     
ffffffff  __c_args__                    
UNDEFED   __mpu_init                    
20000270  __stack                       
00000fe5  _c_int00_noargs               
UNDEFED   _system_post_cinit            
0000111f  _system_pre_init              
00001123  abort                         
ffffffff  binit                         
20000000  g_pfnRAMVectors               
00000000  g_pfnVectors                  
2000026c  g_ui32SysClock                
0000098f  main                          
00000dc9  memcpy                        
20000478  millis                        


GLOBAL SYMBOLS: SORTED BY Symbol Address 

address   name                          
-------   ----                          
00000000  __TI_static_base__            
00000000  g_pfnVectors                  
00000200  __STACK_SIZE                  
00000209  UARTStdioConfig               
00000269  UARTwrite                     
000002bb  UARTgets                      
00000381  UARTgetc                      
000003b5  UARTvprintf                   
000006af  UARTprintf                    
000006e5  SysCtlClockFreqSet            
000008e5  UARTSend                      
00000913  SycTickInt                    
00000947  SysTickbegin                  
00000971  Wait                          
0000098f  main                          
00000a85  __aeabi_ddiv                  
00000bbb  __aeabi_idiv0                 
00000bbb  __aeabi_ldiv0                 
00000bbd  SysCtlClockGet                
00000cd5  SysCtlClockSet                
00000dc9  __aeabi_memcpy                
00000dc9  __aeabi_memcpy4               
00000dc9  __aeabi_memcpy8               
00000dc9  memcpy                        
00000e65  __TI_decompress_lzss          
00000ecd  GPIOPinConfigure              
00000f61  __TI_auto_init_nobinit_nopinit
00000fa5  __aeabi_uidiv                 
00000fa5  __aeabi_uidivmod              
00000fe5  _c_int00_noargs               
0000101d  IntRegister                   
00001071  __aeabi_ui2d                  
00001091  SysTickIntRegister            
000010ad  SysTickEnable                 
000010c1  SysTickIntEnable              
000010d5  __TI_zero_init_nomemset       
000010e9  SysTickPeriodSet              
000010f9  __TI_decompress_none          
00001107  ResetISR                      
00001113  GPIOPinWrite                  
00001119  SysCtlDelay                   
0000111f  _system_pre_init              
00001123  C$$EXIT                       
00001123  abort                         
00001440  __TI_Handler_Table_Base       
0000144c  __TI_Handler_Table_Limit      
00001468  __TI_CINIT_Base               
00001480  __TI_CINIT_Limit              
20000000  g_pfnRAMVectors               
2000026c  g_ui32SysClock                
20000270  __stack                       
20000470  __STACK_END                   
20000470  __STACK_TOP                   
20000478  millis                        
ffffffff  __TI_pprof_out_hndl           
ffffffff  __TI_prof_data_size           
ffffffff  __TI_prof_data_start          
ffffffff  __binit__                     
ffffffff  __c_args__                    
ffffffff  binit                         
UNDEFED   __mpu_init                    
UNDEFED   _system_post_cinit            

[62 symbols]
